Component: ARM Compiler 5.06 update 5 (build 528) Tool: armlink [4d35e2]

==============================================================================

Section Cross References

    startup_stm32f407xx.o(STACK) refers (Special) to heapauxi.o(.text) for __use_two_region_memory
    startup_stm32f407xx.o(HEAP) refers (Special) to heapauxi.o(.text) for __use_two_region_memory
    startup_stm32f407xx.o(RESET) refers (Special) to heapauxi.o(.text) for __use_two_region_memory
    startup_stm32f407xx.o(RESET) refers to startup_stm32f407xx.o(STACK) for __initial_sp
    startup_stm32f407xx.o(RESET) refers to startup_stm32f407xx.o(.text) for Reset_Handler
    startup_stm32f407xx.o(RESET) refers to stm32f4xx_it.o(i.NMI_Handler) for NMI_Handler
    startup_stm32f407xx.o(RESET) refers to stm32f4xx_it.o(i.HardFault_Handler) for HardFault_Handler
    startup_stm32f407xx.o(RESET) refers to stm32f4xx_it.o(i.MemManage_Handler) for MemManage_Handler
    startup_stm32f407xx.o(RESET) refers to stm32f4xx_it.o(i.BusFault_Handler) for BusFault_Handler
    startup_stm32f407xx.o(RESET) refers to stm32f4xx_it.o(i.UsageFault_Handler) for UsageFault_Handler
    startup_stm32f407xx.o(RESET) refers to stm32f4xx_it.o(i.SVC_Handler) for SVC_Handler
    startup_stm32f407xx.o(RESET) refers to stm32f4xx_it.o(i.DebugMon_Handler) for DebugMon_Handler
    startup_stm32f407xx.o(RESET) refers to stm32f4xx_it.o(i.PendSV_Handler) for PendSV_Handler
    startup_stm32f407xx.o(RESET) refers to stm32f4xx_it.o(i.SysTick_Handler) for SysTick_Handler
    startup_stm32f407xx.o(RESET) refers to stm32f4xx_it.o(i.EXTI2_IRQHandler) for EXTI2_IRQHandler
    startup_stm32f407xx.o(RESET) refers to stm32f4xx_it.o(i.EXTI3_IRQHandler) for EXTI3_IRQHandler
    startup_stm32f407xx.o(RESET) refers to stm32f4xx_it.o(i.EXTI4_IRQHandler) for EXTI4_IRQHandler
    startup_stm32f407xx.o(RESET) refers to stm32f4xx_it.o(i.DMA1_Stream5_IRQHandler) for DMA1_Stream5_IRQHandler
    startup_stm32f407xx.o(RESET) refers to stm32f4xx_it.o(i.TIM6_DAC_IRQHandler) for TIM6_DAC_IRQHandler
    startup_stm32f407xx.o(RESET) refers to stm32f4xx_it.o(i.DMA2_Stream0_IRQHandler) for DMA2_Stream0_IRQHandler
    startup_stm32f407xx.o(.text) refers (Special) to heapauxi.o(.text) for __use_two_region_memory
    startup_stm32f407xx.o(.text) refers to system_stm32f4xx.o(i.SystemInit) for SystemInit
    startup_stm32f407xx.o(.text) refers to __main.o(!!!main) for __main
    startup_stm32f407xx.o(.text) refers to startup_stm32f407xx.o(HEAP) for Heap_Mem
    startup_stm32f407xx.o(.text) refers to startup_stm32f407xx.o(STACK) for Stack_Mem
    main.o(i.CalculateFFT) refers to arm_cfft_radix4_f32.o(.text.arm_cfft_radix4_f32) for arm_cfft_radix4_f32
    main.o(i.CalculateFFT) refers to arm_cmplx_mag_f32.o(.text.arm_cmplx_mag_f32) for arm_cmplx_mag_f32
    main.o(i.CalculateFFT) refers to f2d.o(x$fpl$f2d) for __aeabi_f2d
    main.o(i.CalculateFFT) refers to round.o(i.__hardfp_round) for __hardfp_round
    main.o(i.CalculateFFT) refers to dmul.o(x$fpl$dmul) for __aeabi_dmul
    main.o(i.CalculateFFT) refers to d2f.o(x$fpl$d2f) for __aeabi_d2f
    main.o(i.Generate_Sin_Table) refers to sinf.o(i.__hardfp_sinf) for __hardfp_sinf
    main.o(i.Generate_Sin_Table) refers to roundf.o(i.__hardfp_roundf) for __hardfp_roundf
    main.o(i.Generate_Sin_Table) refers to main.o(.bss) for .bss
    main.o(i.Generate_Square_Table) refers to sinf.o(i.__hardfp_sinf) for __hardfp_sinf
    main.o(i.Generate_Square_Table) refers to roundf.o(i.__hardfp_roundf) for __hardfp_roundf
    main.o(i.Generate_Square_Table) refers to main.o(.bss) for .bss
    main.o(i.Generate_Triangle_Table) refers to roundf.o(i.__hardfp_roundf) for __hardfp_roundf
    main.o(i.Generate_Triangle_Table) refers to main.o(.bss) for .bss
    main.o(i.HAL_ADC_ConvCpltCallback) refers to stm32f4xx_hal.o(i.HAL_GetTick) for HAL_GetTick
    main.o(i.HAL_ADC_ConvCpltCallback) refers to main.o(.data) for .data
    main.o(i.HAL_GPIO_EXTI_Callback) refers to stm32f4xx_hal.o(i.HAL_GetTick) for HAL_GetTick
    main.o(i.HAL_GPIO_EXTI_Callback) refers to main.o(.data) for .data
    main.o(i.Oscilloscope_ClearWaveform) refers to lcd.o(i.LCD_Fill) for LCD_Fill
    main.o(i.Oscilloscope_Display_Init) refers to lcd.o(i.LCD_Clear) for LCD_Clear
    main.o(i.Oscilloscope_Display_Init) refers to lcd.o(i.LCD_DrawRectangle) for LCD_DrawRectangle
    main.o(i.Oscilloscope_Display_Init) refers to lcd.o(i.LCD_DrawLine) for LCD_DrawLine
    main.o(i.Oscilloscope_Display_Init) refers to lcd.o(i.LCD_ShowString) for LCD_ShowString
    main.o(i.Oscilloscope_Display_Init) refers to lcd.o(.data) for POINT_COLOR
    main.o(i.Oscilloscope_DrawWaveform) refers to lcd.o(i.LCD_DrawLine) for LCD_DrawLine
    main.o(i.Oscilloscope_DrawWaveform) refers to lcd.o(.data) for POINT_COLOR
    main.o(i.Oscilloscope_GenerateSineWave) refers to sinf.o(i.__hardfp_sinf) for __hardfp_sinf
    main.o(i.Oscilloscope_Test) refers to main.o(i.Oscilloscope_Display_Init) for Oscilloscope_Display_Init
[...]
    i.LCD_ShowString                         0x08005be6   Section        0  lcd.o(i.LCD_ShowString)
    i.LCD_WR_DATA                            0x08005c3a   Section        0  lcd.o(i.LCD_WR_DATA)
    i.LCD_WR_REG                             0x08005c52   Section        0  lcd.o(i.LCD_WR_REG)
    i.LCD_WriteRAM_Prepare                   0x08005c6c   Section        0  lcd.o(i.LCD_WriteRAM_Prepare)
    i.LCD_WriteReg                           0x08005c80   Section        0  lcd.o(i.LCD_WriteReg)
    i.MX_ADC1_Init                           0x08005c8c   Section        0  adc.o(i.MX_ADC1_Init)
    i.MX_DAC_Init                            0x08005cec   Section        0  dac.o(i.MX_DAC_Init)
    i.MX_DMA_Init                            0x08005d28   Section        0  dma.o(i.MX_DMA_Init)
    i.MX_FSMC_Init                           0x08005d74   Section        0  fsmc.o(i.MX_FSMC_Init)
    i.MX_GPIO_Init                           0x08005e04   Section        0  gpio.o(i.MX_GPIO_Init)
    i.MX_TIM3_Init                           0x08005f20   Section        0  tim.o(i.MX_TIM3_Init)
    i.MX_TIM6_Init                           0x08005f88   Section        0  tim.o(i.MX_TIM6_Init)
    i.MX_TIM8_Init                           0x08005fd0   Section        0  tim.o(i.MX_TIM8_Init)
    i.MX_USART1_UART_Init                    0x0800603c   Section        0  usart.o(i.MX_USART1_UART_Init)
    i.MemManage_Handler                      0x08006074   Section        0  stm32f4xx_it.o(i.MemManage_Handler)
    i.NMI_Handler                            0x08006076   Section        0  stm32f4xx_it.o(i.NMI_Handler)
    i.Oscilloscope_ClearWaveform             0x08006078   Section        0  main.o(i.Oscilloscope_ClearWaveform)
    i.Oscilloscope_Display_Init              0x08006090   Section        0  main.o(i.Oscilloscope_Display_Init)
    i.Oscilloscope_DrawWaveform              0x080061c4   Section        0  main.o(i.Oscilloscope_DrawWaveform)
    i.Oscilloscope_GenerateSineWave          0x080061fc   Section        0  main.o(i.Oscilloscope_GenerateSineWave)
    i.Oscilloscope_Test                      0x08006284   Section        0  main.o(i.Oscilloscope_Test)
    i.Oscilloscope_UpdateWaveform            0x080062ac   Section        0  main.o(i.Oscilloscope_UpdateWaveform)
    i.PendSV_Handler                         0x080062be   Section        0  stm32f4xx_it.o(i.PendSV_Handler)
    i.SVC_Handler                            0x080062c0   Section        0  stm32f4xx_it.o(i.SVC_Handler)
    i.Set_DAC_Output_Frequency               0x080062c4   Section        0  main.o(i.Set_DAC_Output_Frequency)
    i.SysTick_Handler                        0x0800635c   Section        0  stm32f4xx_it.o(i.SysTick_Handler)
    i.SystemClock_Config                     0x08006360   Section        0  main.o(i.SystemClock_Config)
    i.SystemInit                             0x080063f4   Section        0  system_stm32f4xx.o(i.SystemInit)
    i.TIM6_DAC_IRQHandler                    0x08006404   Section        0  stm32f4xx_it.o(i.TIM6_DAC_IRQHandler)
    i.TIM_Base_SetConfig                     0x08006420   Section        0  stm32f4xx_hal_tim.o(i.TIM_Base_SetConfig)
    i.TIM_ETR_SetConfig                      0x080064f8   Section        0  stm32f4xx_hal_tim.o(i.TIM_ETR_SetConfig)
    i.TIM_ITRx_SetConfig                     0x0800650c   Section        0  stm32f4xx_hal_tim.o(i.TIM_ITRx_SetConfig)
    TIM_ITRx_SetConfig                       0x0800650d   Thumb Code    16  stm32f4xx_hal_tim.o(i.TIM_ITRx_SetConfig)
    i.TIM_TI1_ConfigInputStage               0x0800651c   Section        0  stm32f4xx_hal_tim.o(i.TIM_TI1_ConfigInputStage)
    TIM_TI1_ConfigInputStage                 0x0800651d   Thumb Code    34  stm32f4xx_hal_tim.o(i.TIM_TI1_ConfigInputStage)
    i.TIM_TI2_ConfigInputStage               0x0800653e   Section        0  stm32f4xx_hal_tim.o(i.TIM_TI2_ConfigInputStage)
    TIM_TI2_ConfigInputStage                 0x0800653f   Thumb Code    36  stm32f4xx_hal_tim.o(i.TIM_TI2_ConfigInputStage)
    i.UART_SetConfig                         0x08006564   Section        0  stm32f4xx_hal_uart.o(i.UART_SetConfig)
    UART_SetConfig                           0x08006565   Thumb Code   258  stm32f4xx_hal_uart.o(i.UART_SetConfig)
    i.UsageFault_Handler                     0x08006670   Section        0  stm32f4xx_it.o(i.UsageFault_Handler)
    i.__ARM_fpclassifyf                      0x08006672   Section        0  fpclassifyf.o(i.__ARM_fpclassifyf)
    i.__NVIC_SetPriority                     0x08006698   Section        0  stm32f4xx_hal_cortex.o(i.__NVIC_SetPriority)
    __NVIC_SetPriority                       0x08006699   Thumb Code    32  stm32f4xx_hal_cortex.o(i.__NVIC_SetPriority)
    i.__hardfp_round                         0x080066b8   Section        0  round.o(i.__hardfp_round)
    i.__hardfp_roundf                        0x08006798   Section        0  roundf.o(i.__hardfp_roundf)
    i.__hardfp_sinf                          0x08006834   Section        0  sinf.o(i.__hardfp_sinf)
    i.__hardfp_sqrtf                         0x080069c4   Section        0  sqrtf.o(i.__hardfp_sqrtf)
    i.__mathlib_flt_infnan                   0x080069fe   Section        0  funder.o(i.__mathlib_flt_infnan)
    i.__mathlib_flt_invalid                  0x08006a04   Section        0  funder.o(i.__mathlib_flt_invalid)
    i.__mathlib_flt_underflow                0x08006a14   Section        0  funder.o(i.__mathlib_flt_underflow)
    i.__mathlib_rredf2                       0x08006a24   Section        0  rredf.o(i.__mathlib_rredf2)
    i.delay_ms                               0x08006b78   Section        0  delay.o(i.delay_ms)
    i.delay_us                               0x08006b7c   Section        0  delay.o(i.delay_us)
    i.main                                   0x08006b8c   Section        0  main.o(i.main)
    x$fpl$d2f                                0x08006ea4   Section       98  d2f.o(x$fpl$d2f)
    $v0                                      0x08006ea4   Number         0  d2f.o(x$fpl$d2f)
    x$fpl$dadd                               0x08006f08   Section      336  daddsub_clz.o(x$fpl$dadd)
    $v0                                      0x08006f08   Number         0  daddsub_clz.o(x$fpl$dadd)
    _dadd1                                   0x08006f19   Thumb Code     0  daddsub_clz.o(x$fpl$dadd)
    x$fpl$dcmpinf                            0x08007058   Section       24  dcmpi.o(x$fpl$dcmpinf)
    $v0                                      0x08007058   Number         0  dcmpi.o(x$fpl$dcmpinf)
    x$fpl$dfixu                              0x08007070   Section       90  dfixu.o(x$fpl$dfixu)
    $v0                                      0x08007070   Number         0  dfixu.o(x$fpl$dfixu)
    x$fpl$dfltu                              0x080070ca   Section       38  dflt_clz.o(x$fpl$dfltu)
    $v0                                      0x080070ca   Number         0  dflt_clz.o(x$fpl$dfltu)
    x$fpl$dleqf                              0x080070f0   Section      120  dleqf.o(x$fpl$dleqf)
    $v0                                      0x080070f0   Number         0  dleqf.o(x$fpl$dleqf)
    x$fpl$dmul                               0x08007168   Section      340  dmul.o(x$fpl$dmul)
    $v0                                      0x08007168   Number         0  dmul.o(x$fpl$dmul)
    x$fpl$dnaninf                            0x080072bc   Section      156  dnaninf.o(x$fpl$dnaninf)
    $v0                                      0x080072bc   Number         0  dnaninf.o(x$fpl$dnaninf)
    x$fpl$dretinf                            0x08007358   Section       12  dretinf.o(x$fpl$dretinf)
    $v0                                      0x08007358   Number         0  dretinf.o(x$fpl$dretinf)
    x$fpl$drleqf                             0x08007364   Section      108  drleqf.o(x$fpl$drleqf)
    $v0                                      0x08007364   Number         0  drleqf.o(x$fpl$drleqf)
    x$fpl$drnd                               0x080073d0   Section      180  drnd.o(x$fpl$drnd)
    $v0                                      0x080073d0   Number         0  drnd.o(x$fpl$drnd)
    x$fpl$dsub                               0x08007484   Section      468  daddsub_clz.o(x$fpl$dsub)
    $v0                                      0x08007484   Number         0  daddsub_clz.o(x$fpl$dsub)
    _dsub1                                   0x08007495   Thumb Code     0  daddsub_clz.o(x$fpl$dsub)
    x$fpl$f2d                                0x08007658   Section       86  f2d.o(x$fpl$f2d)
    $v0                                      0x08007658   Number         0  f2d.o(x$fpl$f2d)
    x$fpl$fnaninf                            0x080076ae   Section      140  fnaninf.o(x$fpl$fnaninf)
    $v0                                      0x080076ae   Number         0  fnaninf.o(x$fpl$fnaninf)
    x$fpl$fpinit                             0x0800773a   Section       10  fpinit.o(x$fpl$fpinit)
    $v0                                      0x0800773a   Number         0  fpinit.o(x$fpl$fpinit)
    x$fpl$fretinf                            0x08007744   Section       10  fretinf.o(x$fpl$fretinf)
    $v0                                      0x08007744   Number         0  fretinf.o(x$fpl$fretinf)
    x$fpl$frnd                               0x08007750   Section       96  frnd.o(x$fpl$frnd)
    $v0                                      0x08007750   Number         0  frnd.o(x$fpl$frnd)
    .constdata                               0x080077b0   Section        8  stm32f4xx_hal_dma.o(.constdata)
    x$fpl$usenofp                            0x080077b0   Section        0  usenofp.o(x$fpl$usenofp)
    flagBitshiftOffset                       0x080077b0   Data           8  stm32f4xx_hal_dma.o(.constdata)
    .constdata                               0x080077b8   Section       16  system_stm32f4xx.o(.constdata)
    .constdata                               0x080077c8   Section        8  system_stm32f4xx.o(.constdata)
    .constdata                               0x080077d0   Section    18240  lcd.o(.constdata)
    .constdata                               0x0800bf10   Section       32  rredf.o(.constdata)
    twooverpi                                0x0800bf10   Data          32  rredf.o(.constdata)
    .data                                    0x20000000   Section       32  main.o(.data)
    dma_count                                0x20000010   Data           4  main.o(.data)
    last_tick                                0x20000014   Data           4  main.o(.data)
    .data                                    0x20000020   Section        8  fsmc.o(.data)
    FSMC_Initialized                         0x20000020   Data           4  fsmc.o(.data)
    FSMC_DeInitialized                       0x20000024   Data           4  fsmc.o(.data)
    .data                                    0x20000028   Section       12  stm32f4xx_hal.o(.data)
    .data                                    0x20000034   Section        4  system_stm32f4xx.o(.data)
    .data                                    0x20000038   Section        8  lcd.o(.data)
    .bss                                     0x20000040   Section    66576  main.o(.bss)
    .bss                                     0x20010450   Section      168  adc.o(.bss)
    .bss                                     0x200104f8   Section      116  dac.o(.bss)
    .bss                                     0x2001056c   Section       80  fsmc.o(.bss)
    .bss                                     0x200105bc   Section      216  tim.o(.bss)
    .bss                                     0x20010694   Section       72  usart.o(.bss)
    .bss                                     0x200106dc   Section       94  lcd.o(.bss)
    .bss                                     0x2001073c   Section       96  libspace.o(.bss)
    HEAP                                     0x200107a0   Section      512  startup_stm32f407xx.o(HEAP)
    Heap_Mem                                 0x200107a0   Data         512  startup_stm32f407xx.o(HEAP)
    STACK                                    0x200109a0   Section     1024  startup_stm32f407xx.o(STACK)
    Stack_Mem                                0x200109a0   Data        1024  startup_stm32f407xx.o(STACK)
    __initial_sp                             0x20010da0   Data           0  startup_stm32f407xx.o(STACK)

    Global Symbols

    Symbol Name                              Value     Ov Type        Size  Object(Section)

    BuildAttributes$$THM_ISAv4$E$P$D$K$B$S$7EM$VFPi3$EXTD16$VFPS$VFMA$PE$A:L22UL41UL21$X:L11$S22US41US21$IEEE1$IW$USESV6$~STKCKD$USESV7$~SHL$OTIME$ROPI$IEEEX$EBA8$UX$STANDARDLIB$REQ8$PRES8$EABIv2 0x00000000   Number         0  anon$$obj.o ABSOLUTE
    __ARM_use_no_argv                        0x00000000   Number         0  main.o ABSOLUTE
    __ARM_exceptions_init                     - Undefined Weak Reference
    __alloca_initialize                       - Undefined Weak Reference
    __arm_preinit_                            - Undefined Weak Reference
    __cpp_initialize__aeabi_                  - Undefined Weak Reference
    __cxa_finalize                            - Undefined Weak Reference
    __rt_locale                               - Undefined Weak Reference
    __sigvec_lookup                           - Undefined Weak Reference
    _atexit_init                              - Undefined Weak Reference
    _call_atexit_fns                          - Undefined Weak Reference
    _clock_init                               - Undefined Weak Reference
    _fp_trap_init                             - Undefined Weak Reference
    _fp_trap_shutdown                         - Undefined Weak Reference
    _get_lc_collate                           - Undefined Weak Reference
    _get_lc_ctype                             - Undefined Weak Reference
    _get_lc_monetary                          - Undefined Weak Reference
    _get_lc_numeric                           - Undefined Weak Reference
    _get_lc_time                              - Undefined Weak Reference
    _getenv_init                              - Undefined Weak Reference
    _handle_redirection                       - Undefined Weak Reference
    _init_alloc                               - Undefined Weak Reference
    _init_user_alloc                          - Undefined Weak Reference
    _initio                                   - Undefined Weak Reference
    _rand_init                                - Undefined Weak Reference
    _signal_finish                            - Undefined Weak Reference
    _signal_init                              - Undefined Weak Reference
    _terminate_alloc                          - Undefined Weak Reference
    _terminate_user_alloc                     - Undefined Weak Reference
    _terminateio                              - Undefined Weak Reference
    __Vectors_Size                           0x00000188   Number         0  startup_stm32f407xx.o ABSOLUTE
    __Vectors                                0x08000000   Data           4  startup_stm32f407xx.o(RESET)
    __Vectors_End                            0x08000188   Data           0  startup_stm32f407xx.o(RESET)
    __main                                   0x08000189   Thumb Code     8  __main.o(!!!main)
    __scatterload                            0x08000191   Thumb Code     0  __scatter.o(!!!scatter)
    __scatterload_rt2                        0x08000191   Thumb Code    44  __scatter.o(!!!scatter)
    __scatterload_rt2_thumb_only             0x08000191   Thumb Code     0  __scatter.o(!!!scatter)
    __scatterload_null                       0x0800019f   Thumb Code     0  __scatter.o(!!!scatter)
    __scatterload_copy                       0x080001c5   Thumb Code    26  __scatter_copy.o(!!handler_copy)
    __scatterload_zeroinit                   0x080001e1   Thumb Code    28  __scatter_zi.o(!!handler_zi)
    __rt_lib_init                            0x080001fd   Thumb Code     0  libinit.o(.ARM.Collect$$libinit$$00000000)
    __rt_lib_init_fp_1                       0x080001ff   Thumb Code     0  libinit2.o(.ARM.Collect$$libinit$$00000001)
    __rt_lib_init_alloca_1                   0x08000203   Thumb Code     0  libinit2.o(.ARM.Collect$$libinit$$0000002E)
    __rt_lib_init_argv_1                     0x08000203   Thumb Code     0  libinit2.o(.ARM.Collect$$libinit$$0000002C)
    __rt_lib_init_atexit_1                   0x08000203   Thumb Code     0  libinit2.o(.ARM.Collect$$libinit$$0000001B)
    __rt_lib_init_clock_1                    0x08000203   Thumb Code     0  libinit2.o(.ARM.Collect$$libinit$$00000021)
    __rt_lib_init_cpp_1                      0x08000203   Thumb Code     0  libinit2.o(.ARM.Collect$$libinit$$00000032)
    __rt_lib_init_exceptions_1               0x08000203   Thumb Code     0  libinit2.o(.ARM.Collect$$libinit$$00000030)
    __rt_lib_init_fp_trap_1                  0x08000203   Thumb Code     0  libinit2.o(.ARM.Collect$$libinit$$0000001F)
    __rt_lib_init_getenv_1                   0x08000203   Thumb Code     0  libinit2.o(.ARM.Collect$$libinit$$00000023)
    __rt_lib_init_heap_1                     0x08000203   Thumb Code     0  libinit2.o(.ARM.Collect$$libinit$$0000000A)
    __rt_lib_init_lc_collate_1               0x08000203   Thumb Code     0  libinit2.o(.ARM.Collect$$libinit$$00000011)
    __rt_lib_init_lc_ctype_1                 0x08000203   Thumb Code     0  libinit2.o(.ARM.Collect$$libinit$$00000013)
    __rt_lib_init_lc_monetary_1              0x08000203   Thumb Code     0  libinit2.o(.ARM.Collect$$libinit$$00000015)
    __rt_lib_init_lc_numeric_1               0x08000203   Thumb Code     0  libinit2.o(.ARM.Collect$$libinit$$00000017)
    __rt_lib_init_lc_time_1                  0x08000203   Thumb Code     0  libinit2.o(.ARM.Collect$$libinit$$00000019)
    __rt_lib_init_preinit_1                  0x08000203   Thumb Code     0  libinit2.o(.ARM.Collect$$libinit$$00000004)
    __rt_lib_init_rand_1                     0x08000203   Thumb Code     0  libinit2.o(.ARM.Collect$$libinit$$0000000E)
    __rt_lib_init_return                     0x08000203   Thumb Code     0  libinit2.o(.ARM.Collect$$libinit$$00000033)
    __rt_lib_init_signal_1                   0x08000203   Thumb Code     0  libinit2.o(.ARM.Collect$$libinit$$0000001D)
    __rt_lib_init_stdio_1                    0x08000203   Thumb Code     0  libinit2.o(.ARM.Collect$$libinit$$00000025)
    __rt_lib_init_user_alloc_1               0x08000203   Thumb Code     0  libinit2.o(.ARM.Collect$$libinit$$0000000C)
    __rt_lib_shutdown                        0x08000205   Thumb Code     0  libshutdown.o(.ARM.Collect$$libshutdown$$00000000)
    __rt_lib_shutdown_cpp_1                  0x08000207   Thumb Code     0  libshutdown2.o(.ARM.Collect$$libshutdown$$00000002)
    __rt_lib_shutdown_fp_trap_1              0x08000207   Thumb Code     0  libshutdown2.o(.ARM.Collect$$libshutdown$$00000007)
    __rt_lib_shutdown_heap_1                 0x08000207   Thumb Code     0  libshutdown2.o(.ARM.Collect$$libshutdown$$0000000F)
    __rt_lib_shutdown_return                 0x08000207   Thumb Code     0  libshutdown2.o(.ARM.Collect$$libshutdown$$00000010)
    __rt_lib_shutdown_signal_1               0x08000207   Thumb Code     0  libshutdown2.o(.ARM.Collect$$libshutdown$$0000000A)
    __rt_lib_shutdown_stdio_1                0x08000207   Thumb Code     0  libshutdown2.o(.ARM.Collect$$libshutdown$$00000004)
    __rt_lib_shutdown_user_alloc_1           0x08000207   Thumb Code     0  libshutdown2.o(.ARM.Collect$$libshutdown$$0000000C)
    __rt_entry                               0x08000209   Thumb Code     0  __rtentry.o(.ARM.Collect$$rtentry$$00000000)
    __rt_entry_presh_1                       0x08000209   Thumb Code     0  __rtentry2.o(.ARM.Collect$$rtentry$$00000002)
    __rt_entry_sh                            0x08000209   Thumb Code     0  __rtentry4.o(.ARM.Collect$$rtentry$$00000004)
    __rt_entry_li                            0x0800020f   Thumb Code     0  __rtentry2.o(.ARM.Collect$$rtentry$$0000000A)
    __rt_entry_postsh_1                      0x0800020f   Thumb Code     0  __rtentry2.o(.ARM.Collect$$rtentry$$00000009)
    __rt_entry_main                          0x08000213   Thumb Code     0  __rtentry2.o(.ARM.Collect$$rtentry$$0000000D)
    __rt_entry_postli_1                      0x08000213   Thumb Code     0  __rtentry2.o(.ARM.Collect$$rtentry$$0000000C)
    __rt_exit                                0x0800021b   Thumb Code     0  rtexit.o(.ARM.Collect$$rtexit$$00000000)
    __rt_exit_ls                             0x0800021d   Thumb Code     0  rtexit2.o(.ARM.Collect$$rtexit$$00000003)
    __rt_exit_prels_1                        0x0800021d   Thumb Code     0  rtexit2.o(.ARM.Collect$$rtexit$$00000002)
    __rt_exit_exit                           0x08000221   Thumb Code     0  rtexit2.o(.ARM.Collect$$rtexit$$00000004)
    Reset_Handler                            0x08000229   Thumb Code     8  startup_stm32f407xx.o(.text)
    ADC_IRQHandler                           0x08000243   Thumb Code     0  startup_stm32f407xx.o(.text)
    CAN1_RX0_IRQHandler                      0x08000243   Thumb Code     0  startup_stm32f407xx.o(.text)
    CAN1_RX1_IRQHandler                      0x08000243   Thumb Code     0  startup_stm32f407xx.o(.text)
    CAN1_SCE_IRQHandler                      0x08000243   Thumb Code     0  startup_stm32f407xx.o(.text)
    CAN1_TX_IRQHandler                       0x08000243   Thumb Code     0  startup_stm32f407xx.o(.text)
    CAN2_RX0_IRQHandler                      0x08000243   Thumb Code     0  startup_stm32f407xx.o(.text)
    CAN2_RX1_IRQHandler                      0x08000243   Thumb Code     0  startup_stm32f407xx.o(.text)
    CAN2_SCE_IRQHandler                      0x08000243   Thumb Code     0  startup_stm32f407xx.o(.text)
    CAN2_TX_IRQHandler                       0x08000243   Thumb Code     0  startup_stm32f407xx.o(.text)
    DCMI_IRQHandler                          0x08000243   Thumb Code     0  startup_stm32f407xx.o(.text)
    DMA1_Stream0_IRQHandler                  0x08000243   Thumb Code     0  startup_stm32f407xx.o(.text)
    DMA1_Stream1_IRQHandler                  0x08000243   Thumb Code     0  startup_stm32f407xx.o(.text)
    DMA1_Stream2_IRQHandler                  0x08000243   Thumb Code     0  startup_stm32f407xx.o(.text)
    DMA1_Stream3_IRQHandler                  0x08000243   Thumb Code     0  startup_stm32f407xx.o(.text)
    DMA1_Stream4_IRQHandler                  0x08000243   Thumb Code     0  startup_stm32f407xx.o(.text)
    DMA1_Stream6_IRQHandler                  0x08000243   Thumb Code     0  startup_stm32f407xx.o(.text)
    DMA1_Stream7_IRQHandler                  0x08000243   Thumb Code     0  startup_stm32f407xx.o(.text)
    DMA2_Stream1_IRQHandler                  0x08000243   Thumb Code     0  startup_stm32f407xx.o(.text)
    DMA2_Stream2_IRQHandler                  0x08000243   Thumb Code     0  startup_stm32f407xx.o(.text)
    DMA2_Stream3_IRQHandler                  0x08000243   Thumb Code     0  startup_stm32f407xx.o(.text)
    DMA2_Stream4_IRQHandler                  0x08000243   Thumb Code     0  startup_stm32f407xx.o(.text)
    DMA2_Stream5_IRQHandler                  0x08000243   Thumb Code     0  startup_stm32f407xx.o(.text)
    DMA2_Stream6_IRQHandler                  0x08000243   Thumb Code     0  startup_stm32f407xx.o(.text)
    DMA2_Stream7_IRQHandler                  0x08000243   Thumb Code     0  startup_stm32f407xx.o(.text)
    ETH_IRQHandler                           0x08000243   Thumb Code     0  startup_stm32f407xx.o(.text)
    ETH_WKUP_IRQHandler                      0x08000243   Thumb Code     0  startup_stm32f407xx.o(.text)
    EXTI0_IRQHandler                         0x08000243   Thumb Code     0  startup_stm32f407xx.o(.text)
    EXTI15_10_IRQHandler                     0x08000243   Thumb Code     0  startup_stm32f407xx.o(.text)
    EXTI1_IRQHandler                         0x08000243   Thumb Code     0  startup_stm32f407xx.o(.text)
    EXTI9_5_IRQHandler                       0x08000243   Thumb Code     0  startup_stm32f407xx.o(.text)
    FLASH_IRQHandler                         0x08000243   Thumb Code     0  startup_stm32f407xx.o(.text)
    FMC_IRQHandler                           0x08000243   Thumb Code     0  startup_stm32f407xx.o(.text)
    FPU_IRQHandler                           0x08000243   Thumb Code     0  startup_stm32f407xx.o(.text)
    HASH_RNG_IRQHandler                      0x08000243   Thumb Code     0  startup_stm32f407xx.o(.text)
    I2C1_ER_IRQHandler                       0x08000243   Thumb Code     0  startup_stm32f407xx.o(.text)
    I2C1_EV_IRQHandler                       0x08000243   Thumb Code     0  startup_stm32f407xx.o(.text)
    I2C2_ER_IRQHandler                       0x08000243   Thumb Code     0  startup_stm32f407xx.o(.text)
    I2C2_EV_IRQHandler                       0x08000243   Thumb Code     0  startup_stm32f407xx.o(.text)
    I2C3_ER_IRQHandler                       0x08000243   Thumb Code     0  startup_stm32f407xx.o(.text)
    I2C3_EV_IRQHandler                       0x08000243   Thumb Code     0  startup_stm32f407xx.o(.text)
    OTG_FS_IRQHandler                        0x08000243   Thumb Code     0  startup_stm32f407xx.o(.text)
    OTG_FS_WKUP_IRQHandler                   0x08000243   Thumb Code     0  startup_stm32f407xx.o(.text)
    OTG_HS_EP1_IN_IRQHandler                 0x08000243   Thumb Code     0  startup_stm32f407xx.o(.text)
    OTG_HS_EP1_OUT_IRQHandler                0x08000243   Thumb Code     0  startup_stm32f407xx.o(.text)
    OTG_HS_IRQHandler                        0x08000243   Thumb Code     0  startup_stm32f407xx.o(.text)
    OTG_HS_WKUP_IRQHandler                   0x08000243   Thumb Code     0  startup_stm32f407xx.o(.text)
    PVD_IRQHandler                           0x08000243   Thumb Code     0  startup_stm32f407xx.o(.text)
    RCC_IRQHandler                           0x08000243   Thumb Code     0  startup_stm32f407xx.o(.text)
    RTC_Alarm_IRQHandler                     0x08000243   Thumb Code     0  startup_stm32f407xx.o(.text)
    RTC_WKUP_IRQHandler                      0x08000243   Thumb Code     0  startup_stm32f407xx.o(.text)
    SDIO_IRQHandler                          0x08000243   Thumb Code     0  startup_stm32f407xx.o(.text)
    SPI1_IRQHandler                          0x08000243   Thumb Code     0  startup_stm32f407xx.o(.text)
    SPI2_IRQHandler                          0x08000243   Thumb Code     0  startup_stm32f407xx.o(.text)
    SPI3_IRQHandler                          0x08000243   Thumb Code     0  startup_stm32f407xx.o(.text)
    TAMP_STAMP_IRQHandler                    0x08000243   Thumb Code     0  startup_stm32f407xx.o(.text)
    TIM1_BRK_TIM9_IRQHandler                 0x08000243   Thumb Code     0  startup_stm32f407xx.o(.text)
    TIM1_CC_IRQHandler                       0x08000243   Thumb Code     0  startup_stm32f407xx.o(.text)
    TIM1_TRG_COM_TIM11_IRQHandler            0x08000243   Thumb Code     0  startup_stm32f407xx.o(.text)
    TIM1_UP_TIM10_IRQHandler                 0x08000243   Thumb Code     0  startup_stm32f407xx.o(.text)
    TIM2_IRQHandler                          0x08000243   Thumb Code     0  startup_stm32f407xx.o(.text)
    TIM3_IRQHandler                          0x08000243   Thumb Code     0  startup_stm32f407xx.o(.text)
    TIM4_IRQHandler                          0x08000243   Thumb Code     0  startup_stm32f407xx.o(.text)
    TIM5_IRQHandler                          0x08000243   Thumb Code     0  startup_stm32f407xx.o(.text)
    TIM7_IRQHandler                          0x08000243   Thumb Code     0  startup_stm32f407xx.o(.text)
    TIM8_BRK_TIM12_IRQHandler                0x08000243   Thumb Code     0  startup_stm32f407xx.o(.text)
    TIM8_CC_IRQHandler                       0x08000243   Thumb Code     0  startup_stm32f407xx.o(.text)
    TIM8_TRG_COM_TIM14_IRQHandler            0x08000243   Thumb Code     0  startup_stm32f407xx.o(.text)
    TIM8_UP_TIM13_IRQHandler                 0x08000243   Thumb Code     0  startup_stm32f407xx.o(.text)
    UART4_IRQHandler                         0x08000243   Thumb Code     0  startup_stm32f407xx.o(.text)
    UART5_IRQHandler                         0x08000243   Thumb Code     0  startup_stm32f407xx.o(.text)
    USART1_IRQHandler                        0x08000243   Thumb Code     0  startup_stm32f407xx.o(.text)
    USART2_IRQHandler                        0x08000243   Thumb Code     0  startup_stm32f407xx.o(.text)
    USART3_IRQHandler                        0x08000243   Thumb Code     0  startup_stm32f407xx.o(.text)
    USART6_IRQHandler                        0x08000243   Thumb Code     0  startup_stm32f407xx.o(.text)
    WWDG_IRQHandler                          0x08000243   Thumb Code     0  startup_stm32f407xx.o(.text)
    __user_initial_stackheap                 0x08000245   Thumb Code     0  startup_stm32f407xx.o(.text)
    __aeabi_uldivmod                         0x08000269   Thumb Code     0  lludivv7m.o(.text)
    _ll_udiv                                 0x08000269   Thumb Code   238  lludivv7m.o(.text)
    __aeabi_memclr4                          0x08000357   Thumb Code     0  rt_memclr_w.o(.text)
    __aeabi_memclr8                          0x08000357   Thumb Code     0  rt_memclr_w.o(.text)
    __rt_memclr_w                            0x08000357   Thumb Code    78  rt_memclr_w.o(.text)
    _memset_w                                0x0800035b   Thumb Code     0  rt_memclr_w.o(.text)
    __use_two_region_memory                  0x080003a5   Thumb Code     2  heapauxi.o(.text)
    __rt_heap_escrow$2region                 0x080003a7   Thumb Code     2  heapauxi.o(.text)
    __rt_heap_expand$2region                 0x080003a9   Thumb Code     2  heapauxi.o(.text)
    __read_errno                             0x080003ab   Thumb Code    10  _rserrno.o(.text)
    __set_errno                              0x080003b5   Thumb Code    12  _rserrno.o(.text)
    __aeabi_errno_addr                       0x080003c1   Thumb Code     8  rt_errno_addr_intlibspace.o(.text)
    __errno$intlibspace                      0x080003c1   Thumb Code     0  rt_errno_addr_intlibspace.o(.text)
    __rt_errno_addr$intlibspace              0x080003c1   Thumb Code     0  rt_errno_addr_intlibspace.o(.text)
    __user_libspace                          0x080003c9   Thumb Code     8  libspace.o(.text)
    __user_perproc_libspace                  0x080003c9   Thumb Code     0  libspace.o(.text)
    __user_perthread_libspace                0x080003c9   Thumb Code     0  libspace.o(.text)
    __user_setup_stackheap                   0x080003d1   Thumb Code    74  sys_stackheap_outer.o(.text)
    exit                                     0x0800041b   Thumb Code    18  exit.o(.text)
    _sys_exit                                0x0800042d   Thumb Code     8  sys_exit.o(.text)
    __I$use$semihosting                      0x08000439   Thumb Code     0  use_no_semi.o(.text)
    __use_no_semihosting_swi                 0x08000439   Thumb Code     2  use_no_semi.o(.text)
    __semihosting_library_function           0x0800043b   Thumb Code     0  indicate_semi.o(.text)
    arm_bitreversal_f32                      0x0800043d   Thumb Code   190  arm_bitreversal.o(.text.arm_bitreversal_f32)
    arm_cfft_radix4_f32                      0x080004fb   Thumb Code    64  arm_cfft_radix4_f32.o(.text.arm_cfft_radix4_f32)
    arm_cfft_radix4_init_f32                 0x0800053d   Thumb Code   148  arm_cfft_radix4_init_f32.o(.text.arm_cfft_radix4_init_f32)
    arm_cmplx_mag_f32                        0x080005d1   Thumb Code   340  arm_cmplx_mag_f32.o(.text.arm_cmplx_mag_f32)
    arm_radix4_butterfly_f32                 0x08000725   Thumb Code   858  arm_cfft_radix4_f32.o(.text.arm_radix4_butterfly_f32)
    arm_radix4_butterfly_inverse_f32         0x08000a81   Thumb Code   890  arm_cfft_radix4_f32.o(.text.arm_radix4_butterfly_inverse_f32)
    BusFault_Handler                         0x08000fb1   Thumb Code     2  stm32f4xx_it.o(i.BusFault_Handler)
    CalculateFFT                             0x08000fb5   Thumb Code   428  main.o(i.CalculateFFT)
    Convert_ADC_Data_To_Waveform             0x0800118d   Thumb Code    86  main.o(i.Convert_ADC_Data_To_Waveform)
    DAC_DMAConvCpltCh1                       0x080011e3   Thumb Code    16  stm32f4xx_hal_dac.o(i.DAC_DMAConvCpltCh1)
    DAC_DMAConvCpltCh2                       0x080011f3   Thumb Code    16  stm32f4xx_hal_dac_ex.o(i.DAC_DMAConvCpltCh2)
    DAC_DMAErrorCh1                          0x08001203   Thumb Code    24  stm32f4xx_hal_dac.o(i.DAC_DMAErrorCh1)
    DAC_DMAErrorCh2                          0x0800121b   Thumb Code    24  stm32f4xx_hal_dac_ex.o(i.DAC_DMAErrorCh2)
    DAC_DMAHalfConvCpltCh1                   0x08001233   Thumb Code    10  stm32f4xx_hal_dac.o(i.DAC_DMAHalfConvCpltCh1)
    DAC_DMAHalfConvCpltCh2                   0x0800123d   Thumb Code    10  stm32f4xx_hal_dac_ex.o(i.DAC_DMAHalfConvCpltCh2)
    DMA1_Stream5_IRQHandler                  0x08001249   Thumb Code     6  stm32f4xx_it.o(i.DMA1_Stream5_IRQHandler)
    DMA2_Stream0_IRQHandler                  0x08001255   Thumb Code     6  stm32f4xx_it.o(i.DMA2_Stream0_IRQHandler)
    DebugMon_Handler                         0x08001305   Thumb Code     2  stm32f4xx_it.o(i.DebugMon_Handler)
    EXTI2_IRQHandler                         0x08001307   Thumb Code     6  stm32f4xx_it.o(i.EXTI2_IRQHandler)
    EXTI3_IRQHandler                         0x0800130d   Thumb Code     6  stm32f4xx_it.o(i.EXTI3_IRQHandler)
    EXTI4_IRQHandler                         0x08001313   Thumb Code     6  stm32f4xx_it.o(i.EXTI4_IRQHandler)
    Error_Handler                            0x08001319   Thumb Code     4  main.o(i.Error_Handler)
    FSMC_NORSRAM_Extended_Timing_Init        0x0800131d   Thumb Code    56  stm32f4xx_ll_fsmc.o(i.FSMC_NORSRAM_Extended_Timing_Init)
    FSMC_NORSRAM_Init                        0x08001359   Thumb Code    98  stm32f4xx_ll_fsmc.o(i.FSMC_NORSRAM_Init)
    FSMC_NORSRAM_Timing_Init                 0x080013c1   Thumb Code    64  stm32f4xx_ll_fsmc.o(i.FSMC_NORSRAM_Timing_Init)
    Generate_Sin_Table                       0x08001405   Thumb Code   120  main.o(i.Generate_Sin_Table)
    Generate_Square_Table                    0x080014a1   Thumb Code   140  main.o(i.Generate_Square_Table)
    Generate_Triangle_Table                  0x08001551   Thumb Code   176  main.o(i.Generate_Triangle_Table)
    HAL_ADC_ConfigChannel                    0x08001625   Thumb Code   316  stm32f4xx_hal_adc.o(i.HAL_ADC_ConfigChannel)
    HAL_ADC_ConvCpltCallback                 0x08001771   Thumb Code    38  main.o(i.HAL_ADC_ConvCpltCallback)
    HAL_ADC_ConvHalfCpltCallback             0x080017a1   Thumb Code     2  stm32f4xx_hal_adc.o(i.HAL_ADC_ConvHalfCpltCallback)
    HAL_ADC_ErrorCallback                    0x080017a3   Thumb Code     2  stm32f4xx_hal_adc.o(i.HAL_ADC_ErrorCallback)
    HAL_ADC_Init                             0x080017a5   Thumb Code    84  stm32f4xx_hal_adc.o(i.HAL_ADC_Init)
    HAL_ADC_MspInit                          0x080017f9   Thumb Code   132  adc.o(i.HAL_ADC_MspInit)
    HAL_ADC_Start_DMA                        0x08001891   Thumb Code   302  stm32f4xx_hal_adc.o(i.HAL_ADC_Start_DMA)
    HAL_DACEx_ConvCpltCallbackCh2            0x080019e5   Thumb Code     2  stm32f4xx_hal_dac_ex.o(i.HAL_DACEx_ConvCpltCallbackCh2)
    HAL_DACEx_ConvHalfCpltCallbackCh2        0x080019e7   Thumb Code     2  stm32f4xx_hal_dac_ex.o(i.HAL_DACEx_ConvHalfCpltCallbackCh2)
    HAL_DACEx_DMAUnderrunCallbackCh2         0x080019e9   Thumb Code     2  stm32f4xx_hal_dac_ex.o(i.HAL_DACEx_DMAUnderrunCallbackCh2)
    HAL_DACEx_ErrorCallbackCh2               0x080019eb   Thumb Code     2  stm32f4xx_hal_dac_ex.o(i.HAL_DACEx_ErrorCallbackCh2)
    HAL_DAC_ConfigChannel                    0x080019ed   Thumb Code    78  stm32f4xx_hal_dac.o(i.HAL_DAC_ConfigChannel)
    HAL_DAC_ConvCpltCallbackCh1              0x08001a3b   Thumb Code     2  stm32f4xx_hal_dac.o(i.HAL_DAC_ConvCpltCallbackCh1)
    HAL_DAC_ConvHalfCpltCallbackCh1          0x08001a3d   Thumb Code     2  stm32f4xx_hal_dac.o(i.HAL_DAC_ConvHalfCpltCallbackCh1)
    HAL_DAC_DMAUnderrunCallbackCh1           0x08001a3f   Thumb Code     2  stm32f4xx_hal_dac.o(i.HAL_DAC_DMAUnderrunCallbackCh1)
    HAL_DAC_ErrorCallbackCh1                 0x08001a41   Thumb Code     2  stm32f4xx_hal_dac.o(i.HAL_DAC_ErrorCallbackCh1)
    HAL_DAC_IRQHandler                       0x08001a43   Thumb Code   104  stm32f4xx_hal_dac.o(i.HAL_DAC_IRQHandler)
    HAL_DAC_Init                             0x08001aab   Thumb Code    40  stm32f4xx_hal_dac.o(i.HAL_DAC_Init)
    HAL_DAC_MspInit                          0x08001ad5   Thumb Code   154  dac.o(i.HAL_DAC_MspInit)
    HAL_DAC_Start_DMA                        0x08001b85   Thumb Code   200  stm32f4xx_hal_dac.o(i.HAL_DAC_Start_DMA)
    HAL_DAC_Stop_DMA                         0x08001c65   Thumb Code    82  stm32f4xx_hal_dac.o(i.HAL_DAC_Stop_DMA)
    HAL_DMA_Abort                            0x08001cb7   Thumb Code   146  stm32f4xx_hal_dma.o(i.HAL_DMA_Abort)
    HAL_DMA_IRQHandler                       0x08001d49   Thumb Code   412  stm32f4xx_hal_dma.o(i.HAL_DMA_IRQHandler)
    HAL_DMA_Init                             0x08001ee9   Thumb Code   206  stm32f4xx_hal_dma.o(i.HAL_DMA_Init)
    HAL_DMA_Start_IT                         0x08001fbd   Thumb Code   110  stm32f4xx_hal_dma.o(i.HAL_DMA_Start_IT)
    HAL_Delay                                0x0800202d   Thumb Code    32  stm32f4xx_hal.o(i.HAL_Delay)
    HAL_GPIO_EXTI_Callback                   0x080020f9   Thumb Code    46  main.o(i.HAL_GPIO_EXTI_Callback)
    HAL_GPIO_EXTI_IRQHandler                 0x0800212d   Thumb Code    18  stm32f4xx_hal_gpio.o(i.HAL_GPIO_EXTI_IRQHandler)
    HAL_GPIO_Init                            0x08002145   Thumb Code   450  stm32f4xx_hal_gpio.o(i.HAL_GPIO_Init)
    HAL_GPIO_WritePin                        0x08002335   Thumb Code    10  stm32f4xx_hal_gpio.o(i.HAL_GPIO_WritePin)
    HAL_GetTick                              0x08002341   Thumb Code     6  stm32f4xx_hal.o(i.HAL_GetTick)
    HAL_IncTick                              0x0800234d   Thumb Code    12  stm32f4xx_hal.o(i.HAL_IncTick)
    HAL_Init                                 0x0800235d   Thumb Code    48  stm32f4xx_hal.o(i.HAL_Init)
    HAL_InitTick                             0x08002391   Thumb Code    54  stm32f4xx_hal.o(i.HAL_InitTick)
    HAL_MspInit                              0x080023d1   Thumb Code    42  stm32f4xx_hal_msp.o(i.HAL_MspInit)
    HAL_NVIC_EnableIRQ                       0x08002401   Thumb Code    26  stm32f4xx_hal_cortex.o(i.HAL_NVIC_EnableIRQ)
    HAL_NVIC_SetPriority                     0x0800241d   Thumb Code    60  stm32f4xx_hal_cortex.o(i.HAL_NVIC_SetPriority)
    HAL_NVIC_SetPriorityGrouping             0x0800245d   Thumb Code    26  stm32f4xx_hal_cortex.o(i.HAL_NVIC_SetPriorityGrouping)
    HAL_RCC_ClockConfig                      0x08002481   Thumb Code   288  stm32f4xx_hal_rcc.o(i.HAL_RCC_ClockConfig)
    HAL_RCC_GetPCLK1Freq                     0x080025b5   Thumb Code    20  stm32f4xx_hal_rcc.o(i.HAL_RCC_GetPCLK1Freq)
    HAL_RCC_GetPCLK2Freq                     0x080025d5   Thumb Code    20  stm32f4xx_hal_rcc.o(i.HAL_RCC_GetPCLK2Freq)
    HAL_RCC_GetSysClockFreq                  0x080025f5   Thumb Code    88  stm32f4xx_hal_rcc.o(i.HAL_RCC_GetSysClockFreq)
    HAL_RCC_OscConfig                        0x08002655   Thumb Code   856  stm32f4xx_hal_rcc.o(i.HAL_RCC_OscConfig)
    HAL_SRAM_Init                            0x080029c1   Thumb Code    92  stm32f4xx_hal_sram.o(i.HAL_SRAM_Init)
    HAL_SRAM_MspInit                         0x08002a1d   Thumb Code     4  fsmc.o(i.HAL_SRAM_MspInit)
    HAL_SYSTICK_Config                       0x08002a21   Thumb Code    40  stm32f4xx_hal_cortex.o(i.HAL_SYSTICK_Config)
    HAL_TIMEx_BreakCallback                  0x08002a49   Thumb Code     2  stm32f4xx_hal_tim_ex.o(i.HAL_TIMEx_BreakCallback)
    HAL_TIMEx_CommutCallback                 0x08002a4b   Thumb Code     2  stm32f4xx_hal_tim_ex.o(i.HAL_TIMEx_CommutCallback)
    HAL_TIMEx_MasterConfigSynchronization    0x08002a4d   Thumb Code   116  stm32f4xx_hal_tim_ex.o(i.HAL_TIMEx_MasterConfigSynchronization)
    HAL_TIM_Base_Init                        0x08002add   Thumb Code    90  stm32f4xx_hal_tim.o(i.HAL_TIM_Base_Init)
    HAL_TIM_Base_MspInit                     0x08002b39   Thumb Code    84  tim.o(i.HAL_TIM_Base_MspInit)
    HAL_TIM_Base_Start                       0x08002b9d   Thumb Code    90  stm32f4xx_hal_tim.o(i.HAL_TIM_Base_Start)
    HAL_TIM_ConfigClockSource                0x08002c15   Thumb Code   220  stm32f4xx_hal_tim.o(i.HAL_TIM_ConfigClockSource)
    HAL_TIM_IC_CaptureCallback               0x08002cf1   Thumb Code     2  stm32f4xx_hal_tim.o(i.HAL_TIM_IC_CaptureCallback)
    HAL_TIM_IRQHandler                       0x08002cf3   Thumb Code   304  stm32f4xx_hal_tim.o(i.HAL_TIM_IRQHandler)
    HAL_TIM_OC_DelayElapsedCallback          0x08002e23   Thumb Code     2  stm32f4xx_hal_tim.o(i.HAL_TIM_OC_DelayElapsedCallback)
    HAL_TIM_PWM_PulseFinishedCallback        0x08002e25   Thumb Code     2  stm32f4xx_hal_tim.o(i.HAL_TIM_PWM_PulseFinishedCallback)
    HAL_TIM_PeriodElapsedCallback            0x08002e27   Thumb Code     2  stm32f4xx_hal_tim.o(i.HAL_TIM_PeriodElapsedCallback)
    HAL_TIM_TriggerCallback                  0x08002e29   Thumb Code     2  stm32f4xx_hal_tim.o(i.HAL_TIM_TriggerCallback)
    HAL_UART_Init                            0x08002e2b   Thumb Code   100  stm32f4xx_hal_uart.o(i.HAL_UART_Init)
    HAL_UART_MspInit                         0x08002e91   Thumb Code    94  usart.o(i.HAL_UART_MspInit)
    HardFault_Handler                        0x08002efd   Thumb Code     2  stm32f4xx_it.o(i.HardFault_Handler)
    LCD_Clear                                0x08002f01   Thumb Code    48  lcd.o(i.LCD_Clear)
    LCD_Display_Dir                          0x08002f35   Thumb Code   180  lcd.o(i.LCD_Display_Dir)
    LCD_DrawLine                             0x08002fed   Thumb Code   154  lcd.o(i.LCD_DrawLine)
    LCD_DrawPoint                            0x08003089   Thumb Code    24  lcd.o(i.LCD_DrawPoint)
    LCD_DrawRectangle                        0x080030a5   Thumb Code    56  lcd.o(i.LCD_DrawRectangle)
    LCD_Fast_DrawPoint                       0x080030dd   Thumb Code   202  lcd.o(i.LCD_Fast_DrawPoint)
    LCD_Fill                                 0x080031ad   Thumb Code    72  lcd.o(i.LCD_Fill)
    LCD_Init                                 0x080031f5   Thumb Code  9644  lcd.o(i.LCD_Init)
    LCD_Pow                                  0x080057a5   Thumb Code    16  lcd.o(i.LCD_Pow)
    LCD_RD_DATA                              0x080057b5   Thumb Code    20  lcd.o(i.LCD_RD_DATA)
    LCD_SSD_BackLightSet                     0x080057c9   Thumb Code    72  lcd.o(i.LCD_SSD_BackLightSet)
    LCD_Scan_Dir                             0x08005819   Thumb Code   380  lcd.o(i.LCD_Scan_Dir)
    LCD_SetCursor                            0x08005999   Thumb Code   238  lcd.o(i.LCD_SetCursor)
    LCD_ShowChar                             0x08005a8d   Thumb Code   204  lcd.o(i.LCD_ShowChar)
    LCD_ShowNum                              0x08005b71   Thumb Code   118  lcd.o(i.LCD_ShowNum)
    LCD_ShowString                           0x08005be7   Thumb Code    84  lcd.o(i.LCD_ShowString)
    LCD_WR_DATA                              0x08005c3b   Thumb Code    24  lcd.o(i.LCD_WR_DATA)
    LCD_WR_REG                               0x08005c53   Thumb Code    24  lcd.o(i.LCD_WR_REG)
    LCD_WriteRAM_Prepare                     0x08005c6d   Thumb Code    14  lcd.o(i.LCD_WriteRAM_Prepare)
    LCD_WriteReg                             0x08005c81   Thumb Code    12  lcd.o(i.LCD_WriteReg)
    MX_ADC1_Init                             0x08005c8d   Thumb Code    88  adc.o(i.MX_ADC1_Init)
    MX_DAC_Init                              0x08005ced   Thumb Code    52  dac.o(i.MX_DAC_Init)
    MX_DMA_Init                              0x08005d29   Thumb Code    72  dma.o(i.MX_DMA_Init)
    MX_FSMC_Init                             0x08005d75   Thumb Code   134  fsmc.o(i.MX_FSMC_Init)
    MX_GPIO_Init                             0x08005e05   Thumb Code   266  gpio.o(i.MX_GPIO_Init)
    MX_TIM3_Init                             0x08005f21   Thumb Code    94  tim.o(i.MX_TIM3_Init)
    MX_TIM6_Init                             0x08005f89   Thumb Code    62  tim.o(i.MX_TIM6_Init)
    MX_TIM8_Init                             0x08005fd1   Thumb Code    98  tim.o(i.MX_TIM8_Init)
    MX_USART1_UART_Init                      0x0800603d   Thumb Code    48  usart.o(i.MX_USART1_UART_Init)
    MemManage_Handler                        0x08006075   Thumb Code     2  stm32f4xx_it.o(i.MemManage_Handler)
    NMI_Handler                              0x08006077   Thumb Code     2  stm32f4xx_it.o(i.NMI_Handler)
    Oscilloscope_ClearWaveform               0x08006079   Thumb Code    24  main.o(i.Oscilloscope_ClearWaveform)
    Oscilloscope_Display_Init                0x08006091   Thumb Code   252  main.o(i.Oscilloscope_Display_Init)
    Oscilloscope_DrawWaveform                0x080061c5   Thumb Code    50  main.o(i.Oscilloscope_DrawWaveform)
    Oscilloscope_GenerateSineWave            0x080061fd   Thumb Code   132  main.o(i.Oscilloscope_GenerateSineWave)
    Oscilloscope_Test                        0x08006285   Thumb Code    34  main.o(i.Oscilloscope_Test)
    Oscilloscope_UpdateWaveform              0x080062ad   Thumb Code    18  main.o(i.Oscilloscope_UpdateWaveform)
    PendSV_Handler                           0x080062bf   Thumb Code     2  stm32f4xx_it.o(i.PendSV_Handler)
    SVC_Handler                              0x080062c1   Thumb Code     2  stm32f4xx_it.o(i.SVC_Handler)
    Set_DAC_Output_Frequency                 0x080062c5   Thumb Code   142  main.o(i.Set_DAC_Output_Frequency)
    SysTick_Handler                          0x0800635d   Thumb Code     4  stm32f4xx_it.o(i.SysTick_Handler)
    SystemClock_Config                       0x08006361   Thumb Code   138  main.o(i.SystemClock_Config)
    SystemInit                               0x080063f5   Thumb Code    12  system_stm32f4xx.o(i.SystemInit)
    TIM6_DAC_IRQHandler                      0x08006405   Thumb Code    18  stm32f4xx_it.o(i.TIM6_DAC_IRQHandler)
    TIM_Base_SetConfig                       0x08006421   Thumb Code   170  stm32f4xx_hal_tim.o(i.TIM_Base_SetConfig)
    TIM_ETR_SetConfig                        0x080064f9   Thumb Code    20  stm32f4xx_hal_tim.o(i.TIM_ETR_SetConfig)
    UsageFault_Handler                       0x08006671   Thumb Code     2  stm32f4xx_it.o(i.UsageFault_Handler)
    __ARM_fpclassifyf                        0x08006673   Thumb Code    38  fpclassifyf.o(i.__ARM_fpclassifyf)
    __hardfp_round                           0x080066b9   Thumb Code   194  round.o(i.__hardfp_round)
    __hardfp_roundf                          0x08006799   Thumb Code   154  roundf.o(i.__hardfp_roundf)
    __hardfp_sinf                            0x08006835   Thumb Code   344  sinf.o(i.__hardfp_sinf)
    __hardfp_sqrtf                           0x080069c5   Thumb Code    58  sqrtf.o(i.__hardfp_sqrtf)
    __mathlib_flt_infnan                     0x080069ff   Thumb Code     6  funder.o(i.__mathlib_flt_infnan)
    __mathlib_flt_invalid                    0x08006a05   Thumb Code    10  funder.o(i.__mathlib_flt_invalid)
    __mathlib_flt_underflow                  0x08006a15   Thumb Code    10  funder.o(i.__mathlib_flt_underflow)
    __mathlib_rredf2                         0x08006a25   Thumb Code   316  rredf.o(i.__mathlib_rredf2)
    delay_ms                                 0x08006b79   Thumb Code     4  delay.o(i.delay_ms)
    delay_us                                 0x08006b7d   Thumb Code    14  delay.o(i.delay_us)
    main                                     0x08006b8d   Thumb Code   700  main.o(i.main)
    __aeabi_d2f                              0x08006ea5   Thumb Code     0  d2f.o(x$fpl$d2f)
    _d2f                                     0x08006ea5   Thumb Code    98  d2f.o(x$fpl$d2f)
    __aeabi_dadd                             0x08006f09   Thumb Code     0  daddsub_clz.o(x$fpl$dadd)
    _dadd                                    0x08006f09   Thumb Code   332  daddsub_clz.o(x$fpl$dadd)
    __fpl_dcmp_Inf                           0x08007059   Thumb Code    24  dcmpi.o(x$fpl$dcmpinf)
    __aeabi_d2uiz                            0x08007071   Thumb Code     0  dfixu.o(x$fpl$dfixu)
    _dfixu                                   0x08007071   Thumb Code    90  dfixu.o(x$fpl$dfixu)
    __aeabi_ui2d                             0x080070cb   Thumb Code     0  dflt_clz.o(x$fpl$dfltu)
    _dfltu                                   0x080070cb   Thumb Code    38  dflt_clz.o(x$fpl$dfltu)
    __aeabi_cdcmple                          0x080070f1   Thumb Code     0  dleqf.o(x$fpl$dleqf)
    _dcmple                                  0x080070f1   Thumb Code   120  dleqf.o(x$fpl$dleqf)
    __fpl_dcmple_InfNaN                      0x08007153   Thumb Code     0  dleqf.o(x$fpl$dleqf)
    __aeabi_dmul                             0x08007169   Thumb Code     0  dmul.o(x$fpl$dmul)
    _dmul                                    0x08007169   Thumb Code   332  dmul.o(x$fpl$dmul)
    __fpl_dnaninf                            0x080072bd   Thumb Code   156  dnaninf.o(x$fpl$dnaninf)
    __fpl_dretinf                            0x08007359   Thumb Code    12  dretinf.o(x$fpl$dretinf)
    __aeabi_cdrcmple                         0x08007365   Thumb Code     0  drleqf.o(x$fpl$drleqf)
    _drcmple                                 0x08007365   Thumb Code   108  drleqf.o(x$fpl$drleqf)
    _drnd                                    0x080073d1   Thumb Code   180  drnd.o(x$fpl$drnd)
    __aeabi_dsub                             0x08007485   Thumb Code     0  daddsub_clz.o(x$fpl$dsub)
    _dsub                                    0x08007485   Thumb Code   464  daddsub_clz.o(x$fpl$dsub)
    __aeabi_f2d                              0x08007659   Thumb Code     0  f2d.o(x$fpl$f2d)
    _f2d                                     0x08007659   Thumb Code    86  f2d.o(x$fpl$f2d)
    __fpl_fnaninf                            0x080076af   Thumb Code   140  fnaninf.o(x$fpl$fnaninf)
    _fp_init                                 0x0800773b   Thumb Code    10  fpinit.o(x$fpl$fpinit)
    __fplib_config_fpu_vfp                   0x08007743   Thumb Code     0  fpinit.o(x$fpl$fpinit)
    __fplib_config_pureend_doubles           0x08007743   Thumb Code     0  fpinit.o(x$fpl$fpinit)
    __fpl_fretinf                            0x08007745   Thumb Code    10  fretinf.o(x$fpl$fretinf)
    _frnd                                    0x08007751   Thumb Code    96  frnd.o(x$fpl$frnd)
    __I$use$fp                               0x080077b0   Number         0  usenofp.o(x$fpl$usenofp)
    AHBPrescTable                            0x080077b8   Data          16  system_stm32f4xx.o(.constdata)
    APBPrescTable                            0x080077c8   Data           8  system_stm32f4xx.o(.constdata)
    asc2_1206                                0x080077d0   Data        1140  lcd.o(.constdata)
    asc2_1608                                0x08007c44   Data        1520  lcd.o(.constdata)
    asc2_2412                                0x08008234   Data        3420  lcd.o(.constdata)
    asc2_3216                                0x08008f90   Data       12160  lcd.o(.constdata)
    armBitRevTable                           0x0800bf30   Data        2048  arm_common_tables.o(.rodata.armBitRevTable)
    twiddleCoef_4096                         0x0800c730   Data       32768  arm_common_tables.o(.rodata.twiddleCoef_4096)
    Region$$Table$$Base                      0x08014730   Number         0  anon$$obj.o(Region$$Table)
    Region$$Table$$Limit                     0x08014750   Number         0  anon$$obj.o(Region$$Table)
    current_wave                             0x20000000   Data           1  main.o(.data)
    key0_pressed                             0x20000001   Data           1  main.o(.data)
    key1_pressed                             0x20000002   Data           1  main.o(.data)
    key3_pressed                             0x20000003   Data           1  main.o(.data)
    data_ready                               0x20000004   Data           1  main.o(.data)
    wave_type                                0x20000005   Data           1  main.o(.data)
    last_press_time                          0x20000008   Data           4  main.o(.data)
    current_freq_hz                          0x2000000c   Data           4  main.o(.data)
    main_freq                                0x20000018   Data           4  main.o(.data)
    main_vpp                                 0x2000001c   Data           4  main.o(.data)
    uwTickFreq                               0x20000028   Data           1  stm32f4xx_hal.o(.data)
    uwTickPrio                               0x2000002c   Data           4  stm32f4xx_hal.o(.data)
    uwTick                                   0x20000030   Data           4  stm32f4xx_hal.o(.data)
    SystemCoreClock                          0x20000034   Data           4  system_stm32f4xx.o(.data)
    POINT_COLOR                              0x20000038   Data           4  lcd.o(.data)
    BACK_COLOR                               0x2000003c   Data           4  lcd.o(.data)
    ADC_1_Value_DMA                          0x20000040   Data        8192  main.o(.bss)
    scfft                                    0x20002040   Data          20  main.o(.bss)
    FFT_InputBuf                             0x20002054   Data       32768  main.o(.bss)
    FFT_OutputBuf                            0x2000a054   Data       16384  main.o(.bss)
    sin_table                                0x2000e054   Data         200  main.o(.bss)
    square_table                             0x2000e11c   Data         200  main.o(.bss)
    triangle_table                           0x2000e1e4   Data         200  main.o(.bss)
    wave_data                                0x2000e2ac   Data         420  main.o(.bss)
    filtered_data                            0x2000e450   Data        8192  main.o(.bss)
    hadc1                                    0x20010450   Data          72  adc.o(.bss)
    hdma_adc1                                0x20010498   Data          96  adc.o(.bss)
    hdac                                     0x200104f8   Data          20  dac.o(.bss)
    hdma_dac1                                0x2001050c   Data          96  dac.o(.bss)
    hsram1                                   0x2001056c   Data          80  fsmc.o(.bss)
    htim3                                    0x200105bc   Data          72  tim.o(.bss)
    htim6                                    0x20010604   Data          72  tim.o(.bss)
    htim8                                    0x2001064c   Data          72  tim.o(.bss)
    huart1                                   0x20010694   Data          72  usart.o(.bss)
    TFTSRAM_Handler                          0x200106dc   Data          80  lcd.o(.bss)
    lcddev                                   0x2001072c   Data          14  lcd.o(.bss)
    __libspace_start                         0x2001073c   Data          96  libspace.o(.bss)
    __temporary_stack_top$libspace           0x2001079c   Data           0  libspace.o(.bss)



==============================================================================

Memory Map of the image

  Image Entry point : 0x08000189

  Load Region LR_IROM1 (Base: 0x08000000, Size: 0x00014790, Max: 0x00100000, ABSOLUTE)

    Execution Region ER_IROM1 (Exec base: 0x08000000, Load base: 0x08000000, Size: 0x00014750, Max: 0x00100000, ABSOLUTE)

    Exec Addr    Load Addr    Size         Type   Attr      Idx    E Section Name        Object

    0x08000000   0x08000000   0x00000188   Data   RO            3    RESET               startup_stm32f407xx.o
    0x08000188   0x08000188   0x00000008   Code   RO         4538  * !!!main             c_w.l(__main.o)
    0x08000190   0x08000190   0x00000034   Code   RO         4804    !!!scatter          c_w.l(__scatter.o)
    0x080001c4   0x080001c4   0x0000001a   Code   RO         4806    !!handler_copy      c_w.l(__scatter_copy.o)
    0x080001de   0x080001de   0x00000002   PAD
    0x080001e0   0x080001e0   0x0000001c   Code   RO         4808    !!handler_zi        c_w.l(__scatter_zi.o)
    0x080001fc   0x080001fc   0x00000002   Code   RO         4677    .ARM.Collect$$libinit$$00000000  c_w.l(libinit.o)
    0x080001fe   0x080001fe   0x00000004   Code   RO         4686    .ARM.Collect$$libinit$$00000001  c_w.l(libinit2.o)
    0x08000202   0x08000202   0x00000000   Code   RO         4689    .ARM.Collect$$libinit$$00000004  c_w.l(libinit2.o)
    0x08000202   0x08000202   0x00000000   Code   RO         4692    .ARM.Collect$$libinit$$0000000A  c_w.l(libinit2.o)
    0x08000202   0x08000202   0x00000000   Code   RO         4694    .ARM.Collect$$libinit$$0000000C  c_w.l(libinit2.o)
    0x08000202   0x08000202   0x00000000   Code   RO         4696    .ARM.Collect$$libinit$$0000000E  c_w.l(libinit2.o)
    0x08000202   0x08000202   0x00000000   Code   RO         4699    .ARM.Collect$$libinit$$00000011  c_w.l(libinit2.o)
    0x08000202   0x08000202   0x00000000   Code   RO         4701    .ARM.Collect$$libinit$$00000013  c_w.l(libinit2.o)
    0x08000202   0x08000202   0x00000000   Code   RO         4703    .ARM.Collect$$libinit$$00000015  c_w.l(libinit2.o)
    0x08000202   0x08000202   0x00000000   Code   RO         4705    .ARM.Collect$$libinit$$00000017  c_w.l(libinit2.o)
    0x08000202   0x08000202   0x00000000   Code   RO         4707    .ARM.Collect$$libinit$$00000019  c_w.l(libinit2.o)
    0x08000202   0x08000202   0x00000000   Code   RO         4709    .ARM.Collect$$libinit$$0000001B  c_w.l(libinit2.o)
    0x08000202   0x08000202   0x00000000   Code   RO         4711    .ARM.Collect$$libinit$$0000001D  c_w.l(libinit2.o)
    0x08000202   0x08000202   0x00000000   Code   RO         4713    .ARM.Collect$$libinit$$0000001F  c_w.l(libinit2.o)
    0x08000202   0x08000202   0x00000000   Code   RO         4715    .ARM.Collect$$libinit$$00000021  c_w.l(libinit2.o)
    0x08000202   0x08000202   0x00000000   Code   RO         4717    .ARM.Collect$$libinit$$00000023  c_w.l(libinit2.o)
    0x08000202   0x08000202   0x00000000   Code   RO         4719    .ARM.Collect$$libinit$$00000025  c_w.l(libinit2.o)
    0x08000202   0x08000202   0x00000000   Code   RO         4723    .ARM.Collect$$libinit$$0000002C  c_w.l(libinit2.o)
    0x08000202   0x08000202   0x00000000   Code   RO         4725    .ARM.Collect$$libinit$$0000002E  c_w.l(libinit2.o)
    0x08000202   0x08000202   0x00000000   Code   RO         4727    .ARM.Collect$$libinit$$00000030  c_w.l(libinit2.o)
    0x08000202   0x08000202   0x00000000   Code   RO         4729    .ARM.Collect$$libinit$$00000032  c_w.l(libinit2.o)
    0x08000202   0x08000202   0x00000002   Code   RO         4730    .ARM.Collect$$libinit$$00000033  c_w.l(libinit2.o)
    0x08000204   0x08000204   0x00000002   Code   RO         4761    .ARM.Collect$$libshutdown$$00000000  c_w.l(libshutdown.o)
    0x08000206   0x08000206   0x00000000   Code   RO         4787    .ARM.Collect$$libshutdown$$00000002  c_w.l(libshutdown2.o)
    0x08000206   0x08000206   0x00000000   Code   RO         4789    .ARM.Collect$$libshutdown$$00000004  c_w.l(libshutdown2.o)
    0x08000206   0x08000206   0x00000000   Code   RO         4792    .ARM.Collect$$libshutdown$$00000007  c_w.l(libshutdown2.o)
    0x08000206   0x08000206   0x00000000   Code   RO         4795    .ARM.Collect$$libshutdown$$0000000A  c_w.l(libshutdown2.o)
    0x08000206   0x08000206   0x00000000   Code   RO         4797    .ARM.Collect$$libshutdown$$0000000C  c_w.l(libshutdown2.o)
    0x08000206   0x08000206   0x00000000   Code   RO         4800    .ARM.Collect$$libshutdown$$0000000F  c_w.l(libshutdown2.o)
    0x08000206   0x08000206   0x00000002   Code   RO         4801    .ARM.Collect$$libshutdown$$00000010  c_w.l(libshutdown2.o)
    0x08000208   0x08000208   0x00000000   Code   RO         4588    .ARM.Collect$$rtentry$$00000000  c_w.l(__rtentry.o)
    0x08000208   0x08000208   0x00000000   Code   RO         4638    .ARM.Collect$$rtentry$$00000002  c_w.l(__rtentry2.o)
    0x08000208   0x08000208   0x00000006   Code   RO         4650    .ARM.Collect$$rtentry$$00000004  c_w.l(__rtentry4.o)
    0x0800020e   0x0800020e   0x00000000   Code   RO         4640    .ARM.Collect$$rtentry$$00000009  c_w.l(__rtentry2.o)
    0x0800020e   0x0800020e   0x00000004   Code   RO         4641    .ARM.Collect$$rtentry$$0000000A  c_w.l(__rtentry2.o)
    0x08000212   0x08000212   0x00000000   Code   RO         4643    .ARM.Collect$$rtentry$$0000000C  c_w.l(__rtentry2.o)
    0x08000212   0x08000212   0x00000008   Code   RO         4644    .ARM.Collect$$rtentry$$0000000D  c_w.l(__rtentry2.o)
    0x0800021a   0x0800021a   0x00000002   Code   RO         4678    .ARM.Collect$$rtexit$$00000000  c_w.l(rtexit.o)
    0x0800021c   0x0800021c   0x00000000   Code   RO         4734    .ARM.Collect$$rtexit$$00000002  c_w.l(rtexit2.o)
    0x0800021c   0x0800021c   0x00000004   Code   RO         4735    .ARM.Collect$$rtexit$$00000003  c_w.l(rtexit2.o)
    0x08000220   0x08000220   0x00000006   Code   RO         4736    .ARM.Collect$$rtexit$$00000004  c_w.l(rtexit2.o)
    0x08000226   0x08000226   0x00000002   PAD
    0x08000228   0x08000228   0x00000040   Code   RO            4    .text               startup_stm32f407xx.o
    0x08000268   0x08000268   0x000000ee   Code   RO         4532    .text               c_w.l(lludivv7m.o)
    0x08000356   0x08000356   0x0000004e   Code   RO         4534    .text               c_w.l(rt_memclr_w.o)
    0x080003a4   0x080003a4   0x00000006   Code   RO         4536    .text               c_w.l(heapauxi.o)
    0x080003aa   0x080003aa   0x00000016   Code   RO         4593    .text               c_w.l(_rserrno.o)
    0x080003c0   0x080003c0   0x00000008   Code   RO         4657    .text               c_w.l(rt_errno_addr_intlibspace.o)
    0x080003c8   0x080003c8   0x00000008   Code   RO         4661    .text               c_w.l(libspace.o)
    0x080003d0   0x080003d0   0x0000004a   Code   RO         4664    .text               c_w.l(sys_stackheap_outer.o)
    0x0800041a   0x0800041a   0x00000012   Code   RO         4666    .text               c_w.l(exit.o)
    0x0800042c   0x0800042c   0x0000000c   Code   RO         4731    .text               c_w.l(sys_exit.o)
    0x08000438   0x08000438   0x00000002   Code   RO         4750    .text               c_w.l(use_no_semi.o)
    0x0800043a   0x0800043a   0x00000000   Code   RO         4752    .text               c_w.l(indicate_semi.o)
    0x0800043a   0x0800043a   0x00000002   PAD
    0x0800043c   0x0800043c   0x000000be   Code   RO         4397    .text.arm_bitreversal_f32  arm_cortexM4lf_math.lib(arm_bitreversal.o)
    0x080004fa   0x080004fa   0x00000040   Code   RO         4374    .text.arm_cfft_radix4_f32  arm_cortexM4lf_math.lib(arm_cfft_radix4_f32.o)
    0x0800053a   0x0800053a   0x00000002   PAD
    0x0800053c   0x0800053c   0x00000094   Code   RO         4388    .text.arm_cfft_radix4_init_f32  arm_cortexM4lf_math.lib(arm_cfft_radix4_init_f32.o)
    0x080005d0   0x080005d0   0x00000154   Code   RO         4364    .text.arm_cmplx_mag_f32  arm_cortexM4lf_math.lib(arm_cmplx_mag_f32.o)
    0x08000724   0x08000724   0x0000035a   Code   RO         4378    .text.arm_radix4_butterfly_f32  arm_cortexM4lf_math.lib(arm_cfft_radix4_f32.o)
    0x08000a7e   0x08000a7e   0x00000002   PAD
    0x08000a80   0x08000a80   0x0000037a   Code   RO         4376    .text.arm_radix4_butterfly_inverse_f32  arm_cortexM4lf_math.lib(arm_cfft_radix4_f32.o)
    0x08000dfa   0x08000dfa   0x0000006e   Code   RO          726    i.ADC_DMAConvCplt   stm32f4xx_hal_adc.o
    0x08000e68   0x08000e68   0x00000016   Code   RO          727    i.ADC_DMAError      stm32f4xx_hal_adc.o
    0x08000e7e   0x08000e7e   0x0000000a   Code   RO          728    i.ADC_DMAHalfConvCplt  stm32f4xx_hal_adc.o
    0x08000e88   0x08000e88   0x00000128   Code   RO          729    i.ADC_Init          stm32f4xx_hal_adc.o
    0x08000fb0   0x08000fb0   0x00000002   Code   RO          590    i.BusFault_Handler  stm32f4xx_it.o
    0x08000fb2   0x08000fb2   0x00000002   PAD
    0x08000fb4   0x08000fb4   0x000001d8   Code   RO           13    i.CalculateFFT      main.o
    0x0800118c   0x0800118c   0x00000056   Code   RO           14    i.Convert_ADC_Data_To_Waveform  main.o
    0x080011e2   0x080011e2   0x00000010   Code   RO         2154    i.DAC_DMAConvCpltCh1  stm32f4xx_hal_dac.o
    0x080011f2   0x080011f2   0x00000010   Code   RO         2298    i.DAC_DMAConvCpltCh2  stm32f4xx_hal_dac_ex.o
    0x08001202   0x08001202   0x00000018   Code   RO         2155    i.DAC_DMAErrorCh1   stm32f4xx_hal_dac.o
    0x0800121a   0x0800121a   0x00000018   Code   RO         2299    i.DAC_DMAErrorCh2   stm32f4xx_hal_dac_ex.o
    0x08001232   0x08001232   0x0000000a   Code   RO         2156    i.DAC_DMAHalfConvCpltCh1  stm32f4xx_hal_dac.o
    0x0800123c   0x0800123c   0x0000000a   Code   RO         2300    i.DAC_DMAHalfConvCpltCh2  stm32f4xx_hal_dac_ex.o
    0x08001246   0x08001246   0x00000002   PAD
    0x08001248   0x08001248   0x0000000c   Code   RO          591    i.DMA1_Stream5_IRQHandler  stm32f4xx_it.o
    0x08001254   0x08001254   0x0000000c   Code   RO          592    i.DMA2_Stream0_IRQHandler  stm32f4xx_it.o
    0x08001260   0x08001260   0x00000028   Code   RO         1463    i.DMA_CalcBaseAndBitshift  stm32f4xx_hal_dma.o
    0x08001288   0x08001288   0x00000054   Code   RO         1464    i.DMA_CheckFifoParam  stm32f4xx_hal_dma.o
    0x080012dc   0x080012dc   0x00000028   Code   RO         1465    i.DMA_SetConfig     stm32f4xx_hal_dma.o
    0x08001304   0x08001304   0x00000002   Code   RO          593    i.DebugMon_Handler  stm32f4xx_it.o
    0x08001306   0x08001306   0x00000006   Code   RO          594    i.EXTI2_IRQHandler  stm32f4xx_it.o
    0x0800130c   0x0800130c   0x00000006   Code   RO          595    i.EXTI3_IRQHandler  stm32f4xx_it.o
    0x08001312   0x08001312   0x00000006   Code   RO          596    i.EXTI4_IRQHandler  stm32f4xx_it.o
    0x08001318   0x08001318   0x00000004   Code   RO           15    i.Error_Handler     main.o
    0x0800131c   0x0800131c   0x0000003c   Code   RO         2402    i.FSMC_NORSRAM_Extended_Timing_Init  stm32f4xx_ll_fsmc.o
    0x08001358   0x08001358   0x00000068   Code   RO         2403    i.FSMC_NORSRAM_Init  stm32f4xx_ll_fsmc.o
    0x080013c0   0x080013c0   0x00000044   Code   RO         2404    i.FSMC_NORSRAM_Timing_Init  stm32f4xx_ll_fsmc.o
    0x08001404   0x08001404   0x0000009c   Code   RO           16    i.Generate_Sin_Table  main.o
    0x080014a0   0x080014a0   0x000000b0   Code   RO           17    i.Generate_Square_Table  main.o
    0x08001550   0x08001550   0x000000d4   Code   RO           18    i.Generate_Triangle_Table  main.o
    0x08001624   0x08001624   0x0000014c   Code   RO          731    i.HAL_ADC_ConfigChannel  stm32f4xx_hal_adc.o
    0x08001770   0x08001770   0x00000030   Code   RO           19    i.HAL_ADC_ConvCpltCallback  main.o
    0x080017a0   0x080017a0   0x00000002   Code   RO          733    i.HAL_ADC_ConvHalfCpltCallback  stm32f4xx_hal_adc.o
    0x080017a2   0x080017a2   0x00000002   Code   RO          735    i.HAL_ADC_ErrorCallback  stm32f4xx_hal_adc.o
    0x080017a4   0x080017a4   0x00000054   Code   RO          740    i.HAL_ADC_Init      stm32f4xx_hal_adc.o
    0x080017f8   0x080017f8   0x00000098   Code   RO          339    i.HAL_ADC_MspInit   adc.o
    0x08001890   0x08001890   0x00000154   Code   RO          747    i.HAL_ADC_Start_DMA  stm32f4xx_hal_adc.o
    0x080019e4   0x080019e4   0x00000002   Code   RO         2301    i.HAL_DACEx_ConvCpltCallbackCh2  stm32f4xx_hal_dac_ex.o
    0x080019e6   0x080019e6   0x00000002   Code   RO         2302    i.HAL_DACEx_ConvHalfCpltCallbackCh2  stm32f4xx_hal_dac_ex.o
    0x080019e8   0x080019e8   0x00000002   Code   RO         2303    i.HAL_DACEx_DMAUnderrunCallbackCh2  stm32f4xx_hal_dac_ex.o
    0x080019ea   0x080019ea   0x00000002   Code   RO         2308    i.HAL_DACEx_ErrorCallbackCh2  stm32f4xx_hal_dac_ex.o
    0x080019ec   0x080019ec   0x0000004e   Code   RO         2157    i.HAL_DAC_ConfigChannel  stm32f4xx_hal_dac.o
    0x08001a3a   0x08001a3a   0x00000002   Code   RO         2158    i.HAL_DAC_ConvCpltCallbackCh1  stm32f4xx_hal_dac.o
    0x08001a3c   0x08001a3c   0x00000002   Code   RO         2159    i.HAL_DAC_ConvHalfCpltCallbackCh1  stm32f4xx_hal_dac.o
    0x08001a3e   0x08001a3e   0x00000002   Code   RO         2160    i.HAL_DAC_DMAUnderrunCallbackCh1  stm32f4xx_hal_dac.o
    0x08001a40   0x08001a40   0x00000002   Code   RO         2162    i.HAL_DAC_ErrorCallbackCh1  stm32f4xx_hal_dac.o
    0x08001a42   0x08001a42   0x00000068   Code   RO         2166    i.HAL_DAC_IRQHandler  stm32f4xx_hal_dac.o
    0x08001aaa   0x08001aaa   0x00000028   Code   RO         2167    i.HAL_DAC_Init      stm32f4xx_hal_dac.o
    0x08001ad2   0x08001ad2   0x00000002   PAD
    0x08001ad4   0x08001ad4   0x000000b0   Code   RO          381    i.HAL_DAC_MspInit   dac.o
    0x08001b84   0x08001b84   0x000000e0   Code   RO         2172    i.HAL_DAC_Start_DMA  stm32f4xx_hal_dac.o
    0x08001c64   0x08001c64   0x00000052   Code   RO         2174    i.HAL_DAC_Stop_DMA  stm32f4xx_hal_dac.o
    0x08001cb6   0x08001cb6   0x00000092   Code   RO         1466    i.HAL_DMA_Abort     stm32f4xx_hal_dma.o
    0x08001d48   0x08001d48   0x000001a0   Code   RO         1471    i.HAL_DMA_IRQHandler  stm32f4xx_hal_dma.o
    0x08001ee8   0x08001ee8   0x000000d4   Code   RO         1472    i.HAL_DMA_Init      stm32f4xx_hal_dma.o
    0x08001fbc   0x08001fbc   0x0000006e   Code   RO         1476    i.HAL_DMA_Start_IT  stm32f4xx_hal_dma.o
    0x0800202a   0x0800202a   0x00000002   PAD
    0x0800202c   0x0800202c   0x00000024   Code   RO         1903    i.HAL_Delay         stm32f4xx_hal.o
    0x08002050   0x08002050   0x000000a8   Code   RO          446    i.HAL_FSMC_MspInit  fsmc.o
    0x080020f8   0x080020f8   0x00000034   Code   RO           20    i.HAL_GPIO_EXTI_Callback  main.o
    0x0800212c   0x0800212c   0x00000018   Code   RO         1358    i.HAL_GPIO_EXTI_IRQHandler  stm32f4xx_hal_gpio.o
    0x08002144   0x08002144   0x000001f0   Code   RO         1359    i.HAL_GPIO_Init     stm32f4xx_hal_gpio.o
    0x08002334   0x08002334   0x0000000a   Code   RO         1363    i.HAL_GPIO_WritePin  stm32f4xx_hal_gpio.o
    0x0800233e   0x0800233e   0x00000002   PAD
    0x08002340   0x08002340   0x0000000c   Code   RO         1909    i.HAL_GetTick       stm32f4xx_hal.o
    0x0800234c   0x0800234c   0x00000010   Code   RO         1915    i.HAL_IncTick       stm32f4xx_hal.o
    0x0800235c   0x0800235c   0x00000034   Code   RO         1916    i.HAL_Init          stm32f4xx_hal.o
    0x08002390   0x08002390   0x00000040   Code   RO         1917    i.HAL_InitTick      stm32f4xx_hal.o
    0x080023d0   0x080023d0   0x00000030   Code   RO          702    i.HAL_MspInit       stm32f4xx_hal_msp.o
    0x08002400   0x08002400   0x0000001a   Code   RO         1751    i.HAL_NVIC_EnableIRQ  stm32f4xx_hal_cortex.o
    0x0800241a   0x0800241a   0x00000002   PAD
    0x0800241c   0x0800241c   0x00000040   Code   RO         1757    i.HAL_NVIC_SetPriority  stm32f4xx_hal_cortex.o
    0x0800245c   0x0800245c   0x00000024   Code   RO         1758    i.HAL_NVIC_SetPriorityGrouping  stm32f4xx_hal_cortex.o
    0x08002480   0x08002480   0x00000134   Code   RO         1005    i.HAL_RCC_ClockConfig  stm32f4xx_hal_rcc.o
    0x080025b4   0x080025b4   0x00000020   Code   RO         1012    i.HAL_RCC_GetPCLK1Freq  stm32f4xx_hal_rcc.o
    0x080025d4   0x080025d4   0x00000020   Code   RO         1013    i.HAL_RCC_GetPCLK2Freq  stm32f4xx_hal_rcc.o
    0x080025f4   0x080025f4   0x00000060   Code   RO         1014    i.HAL_RCC_GetSysClockFreq  stm32f4xx_hal_rcc.o
    0x08002654   0x08002654   0x0000036c   Code   RO         1017    i.HAL_RCC_OscConfig  stm32f4xx_hal_rcc.o
    0x080029c0   0x080029c0   0x0000005c   Code   RO         2542    i.HAL_SRAM_Init     stm32f4xx_hal_sram.o
    0x08002a1c   0x08002a1c   0x00000004   Code   RO          448    i.HAL_SRAM_MspInit  fsmc.o
    0x08002a20   0x08002a20   0x00000028   Code   RO         1762    i.HAL_SYSTICK_Config  stm32f4xx_hal_cortex.o
    0x08002a48   0x08002a48   0x00000002   Code   RO         3415    i.HAL_TIMEx_BreakCallback  stm32f4xx_hal_tim_ex.o
    0x08002a4a   0x08002a4a   0x00000002   Code   RO         3416    i.HAL_TIMEx_CommutCallback  stm32f4xx_hal_tim_ex.o
    0x08002a4c   0x08002a4c   0x00000090   Code   RO         3434    i.HAL_TIMEx_MasterConfigSynchronization  stm32f4xx_hal_tim_ex.o
    0x08002adc   0x08002adc   0x0000005a   Code   RO         2711    i.HAL_TIM_Base_Init  stm32f4xx_hal_tim.o
    0x08002b36   0x08002b36   0x00000002   PAD
    0x08002b38   0x08002b38   0x00000064   Code   RO          495    i.HAL_TIM_Base_MspInit  tim.o
    0x08002b9c   0x08002b9c   0x00000078   Code   RO         2714    i.HAL_TIM_Base_Start  stm32f4xx_hal_tim.o
    0x08002c14   0x08002c14   0x000000dc   Code   RO         2720    i.HAL_TIM_ConfigClockSource  stm32f4xx_hal_tim.o
    0x08002cf0   0x08002cf0   0x00000002   Code   RO         2745    i.HAL_TIM_IC_CaptureCallback  stm32f4xx_hal_tim.o
    0x08002cf2   0x08002cf2   0x00000130   Code   RO         2759    i.HAL_TIM_IRQHandler  stm32f4xx_hal_tim.o
    0x08002e22   0x08002e22   0x00000002   Code   RO         2762    i.HAL_TIM_OC_DelayElapsedCallback  stm32f4xx_hal_tim.o
    0x08002e24   0x08002e24   0x00000002   Code   RO         2789    i.HAL_TIM_PWM_PulseFinishedCallback  stm32f4xx_hal_tim.o
    0x08002e26   0x08002e26   0x00000002   Code   RO         2797    i.HAL_TIM_PeriodElapsedCallback  stm32f4xx_hal_tim.o
    0x08002e28   0x08002e28   0x00000002   Code   RO         2802    i.HAL_TIM_TriggerCallback  stm32f4xx_hal_tim.o
    0x08002e2a   0x08002e2a   0x00000064   Code   RO         3712    i.HAL_UART_Init     stm32f4xx_hal_uart.o
    0x08002e8e   0x08002e8e   0x00000002   PAD
    0x08002e90   0x08002e90   0x0000006c   Code   RO          549    i.HAL_UART_MspInit  usart.o
    0x08002efc   0x08002efc   0x00000002   Code   RO          597    i.HardFault_Handler  stm32f4xx_it.o
    0x08002efe   0x08002efe   0x00000002   PAD
    0x08002f00   0x08002f00   0x00000034   Code   RO         4084    i.LCD_Clear         lcd.o
    0x08002f34   0x08002f34   0x000000b8   Code   RO         4088    i.LCD_Display_Dir   lcd.o
    0x08002fec   0x08002fec   0x0000009a   Code   RO         4089    i.LCD_DrawLine      lcd.o
    0x08003086   0x08003086   0x00000002   PAD
    0x08003088   0x08003088   0x0000001c   Code   RO         4090    i.LCD_DrawPoint     lcd.o
    0x080030a4   0x080030a4   0x00000038   Code   RO         4091    i.LCD_DrawRectangle  lcd.o
    0x080030dc   0x080030dc   0x000000d0   Code   RO         4093    i.LCD_Fast_DrawPoint  lcd.o
    0x080031ac   0x080031ac   0x00000048   Code   RO         4094    i.LCD_Fill          lcd.o
    0x080031f4   0x080031f4   0x000025b0   Code   RO         4095    i.LCD_Init          lcd.o
    0x080057a4   0x080057a4   0x00000010   Code   RO         4096    i.LCD_Pow           lcd.o
    0x080057b4   0x080057b4   0x00000014   Code   RO         4097    i.LCD_RD_DATA       lcd.o
    0x080057c8   0x080057c8   0x00000050   Code   RO         4100    i.LCD_SSD_BackLightSet  lcd.o
    0x08005818   0x08005818   0x00000180   Code   RO         4101    i.LCD_Scan_Dir      lcd.o
    0x08005998   0x08005998   0x000000f4   Code   RO         4102    i.LCD_SetCursor     lcd.o
    0x08005a8c   0x08005a8c   0x000000e4   Code   RO         4104    i.LCD_ShowChar      lcd.o
    0x08005b70   0x08005b70   0x00000076   Code   RO         4105    i.LCD_ShowNum       lcd.o
    0x08005be6   0x08005be6   0x00000054   Code   RO         4106    i.LCD_ShowString    lcd.o
    0x08005c3a   0x08005c3a   0x00000018   Code   RO         4108    i.LCD_WR_DATA       lcd.o
    0x08005c52   0x08005c52   0x00000018   Code   RO         4109    i.LCD_WR_REG        lcd.o
    0x08005c6a   0x08005c6a   0x00000002   PAD
    0x08005c6c   0x08005c6c   0x00000014   Code   RO         4111    i.LCD_WriteRAM_Prepare  lcd.o
    0x08005c80   0x08005c80   0x0000000c   Code   RO         4112    i.LCD_WriteReg      lcd.o
    0x08005c8c   0x08005c8c   0x00000060   Code   RO          340    i.MX_ADC1_Init      adc.o
    0x08005cec   0x08005cec   0x0000003c   Code   RO          382    i.MX_DAC_Init       dac.o
    0x08005d28   0x08005d28   0x0000004c   Code   RO          422    i.MX_DMA_Init       dma.o
    0x08005d74   0x08005d74   0x00000090   Code   RO          449    i.MX_FSMC_Init      fsmc.o
    0x08005e04   0x08005e04   0x0000011c   Code   RO          314    i.MX_GPIO_Init      gpio.o
    0x08005f20   0x08005f20   0x00000068   Code   RO          496    i.MX_TIM3_Init      tim.o
    0x08005f88   0x08005f88   0x00000048   Code   RO          497    i.MX_TIM6_Init      tim.o
    0x08005fd0   0x08005fd0   0x0000006c   Code   RO          498    i.MX_TIM8_Init      tim.o
    0x0800603c   0x0800603c   0x00000038   Code   RO          550    i.MX_USART1_UART_Init  usart.o
    0x08006074   0x08006074   0x00000002   Code   RO          598    i.MemManage_Handler  stm32f4xx_it.o
    0x08006076   0x08006076   0x00000002   Code   RO          599    i.NMI_Handler       stm32f4xx_it.o
    0x08006078   0x08006078   0x00000018   Code   RO           22    i.Oscilloscope_ClearWaveform  main.o
    0x08006090   0x08006090   0x00000134   Code   RO           23    i.Oscilloscope_Display_Init  main.o
    0x080061c4   0x080061c4   0x00000038   Code   RO           24    i.Oscilloscope_DrawWaveform  main.o
    0x080061fc   0x080061fc   0x00000088   Code   RO           25    i.Oscilloscope_GenerateSineWave  main.o
    0x08006284   0x08006284   0x00000028   Code   RO           26    i.Oscilloscope_Test  main.o
    0x080062ac   0x080062ac   0x00000012   Code   RO           27    i.Oscilloscope_UpdateWaveform  main.o
    0x080062be   0x080062be   0x00000002   Code   RO          600    i.PendSV_Handler    stm32f4xx_it.o
    0x080062c0   0x080062c0   0x00000002   Code   RO          601    i.SVC_Handler       stm32f4xx_it.o
    0x080062c2   0x080062c2   0x00000002   PAD
    0x080062c4   0x080062c4   0x00000098   Code   RO           28    i.Set_DAC_Output_Frequency  main.o
    0x0800635c   0x0800635c   0x00000004   Code   RO          602    i.SysTick_Handler   stm32f4xx_it.o
    0x08006360   0x08006360   0x00000094   Code   RO           29    i.SystemClock_Config  main.o
    0x080063f4   0x080063f4   0x00000010   Code   RO         4046    i.SystemInit        system_stm32f4xx.o
    0x08006404   0x08006404   0x0000001c   Code   RO          603    i.TIM6_DAC_IRQHandler  stm32f4xx_it.o
    0x08006420   0x08006420   0x000000d8   Code   RO         2804    i.TIM_Base_SetConfig  stm32f4xx_hal_tim.o
    0x080064f8   0x080064f8   0x00000014   Code   RO         2815    i.TIM_ETR_SetConfig  stm32f4xx_hal_tim.o
    0x0800650c   0x0800650c   0x00000010   Code   RO         2816    i.TIM_ITRx_SetConfig  stm32f4xx_hal_tim.o
    0x0800651c   0x0800651c   0x00000022   Code   RO         2822    i.TIM_TI1_ConfigInputStage  stm32f4xx_hal_tim.o
    0x0800653e   0x0800653e   0x00000024   Code   RO         2824    i.TIM_TI2_ConfigInputStage  stm32f4xx_hal_tim.o
    0x08006562   0x08006562   0x00000002   PAD
    0x08006564   0x08006564   0x0000010c   Code   RO         3738    i.UART_SetConfig    stm32f4xx_hal_uart.o
    0x08006670   0x08006670   0x00000002   Code   RO          604    i.UsageFault_Handler  stm32f4xx_it.o
    0x08006672   0x08006672   0x00000026   Code   RO         4618    i.__ARM_fpclassifyf  m_wm.l(fpclassifyf.o)
    0x08006698   0x08006698   0x00000020   Code   RO         1764    i.__NVIC_SetPriority  stm32f4xx_hal_cortex.o
    0x080066b8   0x080066b8   0x000000e0   Code   RO         4556    i.__hardfp_round    m_wm.l(round.o)
    0x08006798   0x08006798   0x0000009a   Code   RO         4584    i.__hardfp_roundf   m_wm.l(roundf.o)
    0x08006832   0x08006832   0x00000002   PAD
    0x08006834   0x08006834   0x00000190   Code   RO         4560    i.__hardfp_sinf     m_wm.l(sinf.o)
    0x080069c4   0x080069c4   0x0000003a   Code   RO         4572    i.__hardfp_sqrtf    m_wm.l(sqrtf.o)
    0x080069fe   0x080069fe   0x00000006   Code   RO         4621    i.__mathlib_flt_infnan  m_wm.l(funder.o)
    0x08006a04   0x08006a04   0x00000010   Code   RO         4623    i.__mathlib_flt_invalid  m_wm.l(funder.o)
    0x08006a14   0x08006a14   0x00000010   Code   RO         4626    i.__mathlib_flt_underflow  m_wm.l(funder.o)
    0x08006a24   0x08006a24   0x00000154   Code   RO         4634    i.__mathlib_rredf2  m_wm.l(rredf.o)
    0x08006b78   0x08006b78   0x00000004   Code   RO         4295    i.delay_ms          delay.o
    0x08006b7c   0x08006b7c   0x0000000e   Code   RO         4296    i.delay_us          delay.o
    0x08006b8a   0x08006b8a   0x00000002   PAD
    0x08006b8c   0x08006b8c   0x00000318   Code   RO           30    i.main              main.o
    0x08006ea4   0x08006ea4   0x00000062   Code   RO         4540    x$fpl$d2f           fz_wm.l(d2f.o)
    0x08006f06   0x08006f06   0x00000002   PAD
    0x08006f08   0x08006f08   0x00000150   Code   RO         4595    x$fpl$dadd          fz_wm.l(daddsub_clz.o)
    0x08007058   0x08007058   0x00000018   Code   RO         4659    x$fpl$dcmpinf       fz_wm.l(dcmpi.o)
    0x08007070   0x08007070   0x0000005a   Code   RO         4542    x$fpl$dfixu         fz_wm.l(dfixu.o)
    0x080070ca   0x080070ca   0x00000026   Code   RO         4546    x$fpl$dfltu         fz_wm.l(dflt_clz.o)
    0x080070f0   0x080070f0   0x00000078   Code   RO         4601    x$fpl$dleqf         fz_wm.l(dleqf.o)
    0x08007168   0x08007168   0x00000154   Code   RO         4552    x$fpl$dmul          fz_wm.l(dmul.o)
    0x080072bc   0x080072bc   0x0000009c   Code   RO         4603    x$fpl$dnaninf       fz_wm.l(dnaninf.o)
    0x08007358   0x08007358   0x0000000c   Code   RO         4605    x$fpl$dretinf       fz_wm.l(dretinf.o)
    0x08007364   0x08007364   0x0000006c   Code   RO         4607    x$fpl$drleqf        fz_wm.l(drleqf.o)
    0x080073d0   0x080073d0   0x000000b4   Code   RO         4609    x$fpl$drnd          fz_wm.l(drnd.o)
    0x08007484   0x08007484   0x000001d4   Code   RO         4597    x$fpl$dsub          fz_wm.l(daddsub_clz.o)
    0x08007658   0x08007658   0x00000056   Code   RO         4554    x$fpl$f2d           fz_wm.l(f2d.o)
    0x080076ae   0x080076ae   0x0000008c   Code   RO         4611    x$fpl$fnaninf       fz_wm.l(fnaninf.o)
    0x0800773a   0x0800773a   0x0000000a   Code   RO         4746    x$fpl$fpinit        fz_wm.l(fpinit.o)
    0x08007744   0x08007744   0x0000000a   Code   RO         4613    x$fpl$fretinf       fz_wm.l(fretinf.o)
    0x0800774e   0x0800774e   0x00000002   PAD
    0x08007750   0x08007750   0x00000060   Code   RO         4615    x$fpl$frnd          fz_wm.l(frnd.o)
    0x080077b0   0x080077b0   0x00000000   Code   RO         4617    x$fpl$usenofp       fz_wm.l(usenofp.o)
    0x080077b0   0x080077b0   0x00000008   Data   RO         1478    .constdata          stm32f4xx_hal_dma.o
    0x080077b8   0x080077b8   0x00000010   Data   RO         4047    .constdata          system_stm32f4xx.o
    0x080077c8   0x080077c8   0x00000008   Data   RO         4048    .constdata          system_stm32f4xx.o
    0x080077d0   0x080077d0   0x00004740   Data   RO         4115    .constdata          lcd.o
    0x0800bf10   0x0800bf10   0x00000020   Data   RO         4635    .constdata          m_wm.l(rredf.o)
    0x0800bf30   0x0800bf30   0x00000800   Data   RO         4411    .rodata.armBitRevTable  arm_cortexM4lf_math.lib(arm_common_tables.o)
    0x0800c730   0x0800c730   0x00008000   Data   RO         4429    .rodata.twiddleCoef_4096  arm_cortexM4lf_math.lib(arm_common_tables.o)
    0x08014730   0x08014730   0x00000020   Data   RO         4802    Region$$Table       anon$$obj.o


    Execution Region RW_IRAM1 (Exec base: 0x20000000, Load base: 0x08014750, Size: 0x00010da0, Max: 0x0001c000, ABSOLUTE)

    Exec Addr    Load Addr    Size         Type   Attr      Idx    E Section Name        Object

    0x20000000   0x08014750   0x00000020   Data   RW           32    .data               main.o
    0x20000020   0x08014770   0x00000008   Data   RW          451    .data               fsmc.o
    0x20000028   0x08014778   0x0000000c   Data   RW         1923    .data               stm32f4xx_hal.o
    0x20000034   0x08014784   0x00000004   Data   RW         4049    .data               system_stm32f4xx.o
    0x20000038   0x08014788   0x00000008   Data   RW         4116    .data               lcd.o
    0x20000040        -       0x00010410   Zero   RW           31    .bss                main.o
    0x20010450        -       0x000000a8   Zero   RW          341    .bss                adc.o
    0x200104f8        -       0x00000074   Zero   RW          383    .bss                dac.o
    0x2001056c        -       0x00000050   Zero   RW          450    .bss                fsmc.o
    0x200105bc        -       0x000000d8   Zero   RW          499    .bss                tim.o
    0x20010694        -       0x00000048   Zero   RW          551    .bss                usart.o
    0x200106dc        -       0x0000005e   Zero   RW         4114    .bss                lcd.o
    0x2001073a   0x08014790   0x00000002   PAD
    0x2001073c        -       0x00000060   Zero   RW         4662    .bss                c_w.l(libspace.o)
    0x2001079c   0x08014790   0x00000004   PAD
    0x200107a0        -       0x00000200   Zero   RW            2    HEAP                startup_stm32f407xx.o
    0x200109a0        -       0x00000400   Zero   RW            1    STACK               startup_stm32f407xx.o


    Execution Region RW_IRAM2 (Exec base: 0x2001c000, Load base: 0x08014790, Size: 0x00000000, Max: 0x00004000, ABSOLUTE)

    **** No section assigned to this execution region ****


==============================================================================

Image component sizes


      Code (inc. data)   RO Data    RW Data    ZI Data      Debug   Object Name

       248         28          0          0        168       1711   adc.o
       236         30          0          0        116       1685   dac.o
        18          0          0          0          0       1022   delay.o
        76          4          0          0          0        782   dma.o
       316         34          0          8         80       2199   fsmc.o
       284         18          0          0          0       1107   gpio.o
     11656        102      18240          8         94      21815   lcd.o
      2880        352          0         32      66576     757174   main.o
        64         26        392          0       1536        824   startup_stm32f407xx.o
       180         28          0         12          0       9261   stm32f4xx_hal.o
      1198         66          0          0          0       6710   stm32f4xx_hal_adc.o
       198         14          0          0          0      33711   stm32f4xx_hal_cortex.o
       586         24          0          0          0       8519   stm32f4xx_hal_dac.o
        58          0          0          0          0       4364   stm32f4xx_hal_dac_ex.o
      1048         16          8          0          0       6551   stm32f4xx_hal_dma.o
       530         52          0          0          0       2747   stm32f4xx_hal_gpio.o
        48          6          0          0          0        822   stm32f4xx_hal_msp.o
      1344         72          0          0          0       5132   stm32f4xx_hal_rcc.o
        92          0          0          0          0       1192   stm32f4xx_hal_sram.o
      1066         76          0          0          0      10614   stm32f4xx_hal_tim.o
       148         28          0          0          0       2417   stm32f4xx_hal_tim_ex.o
       368         10          0          0          0       1988   stm32f4xx_hal_uart.o
        90         22          0          0          0       6773   stm32f4xx_it.o
       232         14          0          0          0       3879   stm32f4xx_ll_fsmc.o
        16          4         24          4          0       1075   system_stm32f4xx.o
       384         46          0          0        216       2928   tim.o
       164         22          0          0         72       1646   usart.o

    ----------------------------------------------------------------------
     23556       1094      18696         64      68860     898648   Object Totals
         0          0         32          0          0          0   (incl. Generated)
        28          0          0          0          2          0   (incl. Padding)

    ----------------------------------------------------------------------

      Code (inc. data)   RO Data    RW Data    ZI Data      Debug   Library Member Name

       190          0          0          0          0       2756   arm_bitreversal.o
      1812          0          0          0          0       9774   arm_cfft_radix4_f32.o
       148         20          0          0          0       1573   arm_cfft_radix4_init_f32.o
       340          0          0          0          0       2270   arm_cmplx_mag_f32.o
         0          0      34816          0          0       6294   arm_common_tables.o
         8          0          0          0          0         68   __main.o
         0          0          0          0          0          0   __rtentry.o
        12          0          0          0          0          0   __rtentry2.o
         6          0          0          0          0          0   __rtentry4.o
        52          8          0          0          0          0   __scatter.o
        26          0          0          0          0          0   __scatter_copy.o
        28          0          0          0          0          0   __scatter_zi.o
        22          0          0          0          0        100   _rserrno.o
        18          0          0          0          0         80   exit.o
         6          0          0          0          0        152   heapauxi.o
         0          0          0          0          0          0   indicate_semi.o
         2          0          0          0          0          0   libinit.o
         6          0          0          0          0          0   libinit2.o
         2          0          0          0          0          0   libshutdown.o
         2          0          0          0          0          0   libshutdown2.o
         8          4          0          0         96         68   libspace.o
       238          0          0          0          0        100   lludivv7m.o
         8          4          0          0          0         68   rt_errno_addr_intlibspace.o
        78          0          0          0          0         80   rt_memclr_w.o
         2          0          0          0          0          0   rtexit.o
        10          0          0          0          0          0   rtexit2.o
        12          4          0          0          0         68   sys_exit.o
        74          0          0          0          0         80   sys_stackheap_outer.o
         2          0          0          0          0         68   use_no_semi.o
        98          4          0          0          0        140   d2f.o
       804         16          0          0          0        368   daddsub_clz.o
        24          0          0          0          0        116   dcmpi.o
        90          4          0          0          0        140   dfixu.o
        38          0          0          0          0        116   dflt_clz.o
       120          4          0          0          0        140   dleqf.o
       340         12          0          0          0        152   dmul.o
       156          4          0          0          0        140   dnaninf.o
        12          0          0          0          0        116   dretinf.o
       108          0          0          0          0        128   drleqf.o
       180          4          0          0          0        128   drnd.o
        86          4          0          0          0        132   f2d.o
       140          4          0          0          0        132   fnaninf.o
        10          0          0          0          0        116   fpinit.o
        10          0          0          0          0        116   fretinf.o
        96          4          0          0          0        124   frnd.o
         0          0          0          0          0          0   usenofp.o
        38          0          0          0          0        116   fpclassifyf.o
        38         12          0          0          0        348   funder.o
       224         30          0          0          0        172   round.o
       154          0          0          0          0        140   roundf.o
       340         24         32          0          0        160   rredf.o
       400         56          0          0          0        212   sinf.o
        58          0          0          0          0        136   sqrtf.o

    ----------------------------------------------------------------------
      6692        222      34848          0        100      27187   Library Totals
        16          0          0          0          4          0   (incl. Padding)

    ----------------------------------------------------------------------

      Code (inc. data)   RO Data    RW Data    ZI Data      Debug   Library Name

      2490         20      34816          0          0      22667   arm_cortexM4lf_math.lib
       622         20          0          0         96        932   c_w.l
      2312         60          0          0          0       2304   fz_wm.l
      1252        122         32          0          0       1284   m_wm.l

    ----------------------------------------------------------------------
      6692        222      34848          0        100      27187   Library Totals

    ----------------------------------------------------------------------

==============================================================================


      Code (inc. data)   RO Data    RW Data    ZI Data      Debug   

     30248       1316      53544         64      68960     909023   Grand Totals
     30248       1316      53544         64      68960     909023   ELF Image Totals
     30248       1316      53544         64          0          0   ROM Totals

==============================================================================

    Total RO  Size (Code + RO Data)                83792 (  81.83kB)
    Total RW  Size (RW Data + ZI Data)             69024 (  67.41kB)
    Total ROM Size (Code + RO Data + RW Data)      83856 (  81.89kB)

==============================================================================

